{
  kind: 'Module',
  span: { start: 0, end: 21143 },
  nodes: [
    {
      kind: 'PropertyParameter',
      span: { start: 0, end: 18 },
      name: {
        kind: 'PropertyParameterName',
        span: { start: 0, end: 3 },
        value: 'ASD'
      },
      value: {
        kind: 'PropertyParameterValue',
        span: { start: 16, end: 18 },
        value: '32'
      },
      altRepNodes: [
        {
          kind: 'AltRepParam',
          span: { start: 4, end: 9 },
          name: {
            kind: 'AltRepParamName',
            span: { start: 4, end: 6 },
            value: 'DA'
          },
          value: {
            kind: 'AltRepParamValue',
            span: { start: 7, end: 9 },
            value: '32'
          }
        },
        {
          kind: 'AltRepParam',
          span: { start: 10, end: 15 },
          name: {
            kind: 'AltRepParamName',
            span: { start: 10, end: 12 },
            value: 'DO'
          },
          value: {
            kind: 'AltRepParamValue',
            span: { start: 13, end: 15 },
            value: '32'
          }
        }
      ]
    },
    {
      kind: 'PropertyParameter',
      span: { start: 19, end: 34 },
      name: {
        kind: 'PropertyParameterName',
        span: { start: 19, end: 24 },
        value: 'BEGIN'
      },
      value: {
        kind: 'PropertyParameterValue',
        span: { start: 25, end: 34 },
        value: 'VCALENDAR'
      },
      altRepNodes: []
    },
    {
      kind: 'PropertyParameter',
      span: { start: 35, end: 84 },
      name: {
        kind: 'PropertyParameterName',
        span: { start: 35, end: 41 },
        value: 'PRODID'
      },
      value: {
        kind: 'PropertyParameterValue',
        span: { start: 42, end: 84 },
        value: '-//Google Inc//Google Calendar 70.9054//EN'
      },
      altRepNodes: []
    },
    {
      kind: 'PropertyParameter',
      span: { start: 85, end: 96 },
      name: {
        kind: 'PropertyParameterName',
        span: { start: 85, end: 92 },
        value: 'VERSION'
      },
      value: {
        kind: 'PropertyParameterValue',
        span: { start: 93, end: 96 },
        value: '2.0'
      },
      altRepNodes: []
    },
    {
      kind: 'PropertyParameter',
      span: { start: 97, end: 115 },
      name: {
        kind: 'PropertyParameterName',
        span: { start: 97, end: 105 },
        value: 'CALSCALE'
      },
      value: {
        kind: 'PropertyParameterValue',
        span: { start: 106, end: 115 },
        value: 'GREGORIAN'
      },
      altRepNodes: []
    },
    {
      kind: 'PropertyParameter',
      span: { start: 116, end: 130 },
      name: {
        kind: 'PropertyParameterName',
        span: { start: 116, end: 122 },
        value: 'METHOD'
      },
      value: {
        kind: 'PropertyParameterValue',
        span: { start: 123, end: 130 },
        value: 'PUBLISH'
      },
      altRepNodes: []
    },
    {
      kind: 'PropertyParameter',
      span: { start: 131, end: 167 },
      name: {
        kind: 'PropertyParameterName',
        span: { start: 131, end: 143 },
        value: 'X-WR-CALNAME'
      },
      value: {
        kind: 'PropertyParameterValue',
        span: { start: 144, end: 167 },
        value: 'Días feriados en Chile'
      },
      altRepNodes: []
    },
    {
      kind: 'PropertyParameter',
      span: { start: 168, end: 185 },
      name: {
        kind: 'PropertyParameterName',
        span: { start: 168, end: 181 },
        value: 'X-WR-TIMEZONE'
      },
      value: {
        kind: 'PropertyParameterValue',
        span: { start: 182, end: 185 },
        value: 'UTC'
      },
      altRepNodes: []
    },
    {
      kind: 'PropertyParameter',
      span: { start: 186, end: 238 },
      name: {
        kind: 'PropertyParameterName',
        span: { start: 186, end: 198 },
        value: 'X-WR-CALDESC'
      },
      value: {
        kind: 'PropertyParameterValue',
        span: { start: 199, end: 238 },
        value: 'Días feriados y celebraciones en Chile'
      },
      altRepNodes: []
    },
    {
      kind: 'PropertyParameter',
      span: { start: 239, end: 251 },
      name: {
        kind: 'PropertyParameterName',
        span: { start: 239, end: 244 },
        value: 'BEGIN'
      },
      value: {
        kind: 'PropertyParameterValue',
        span: { start: 245, end: 251 },
        value: 'VEVENT'
      },
      altRepNodes: []
    },
    {
      kind: 'PropertyParameter',
      span: { start: 252, end: 279 },
      name: {
        kind: 'PropertyParameterName',
        span: { start: 252, end: 259 },
        value: 'DTSTART'
      },
      value: {
        kind: 'PropertyParameterValue',
        span: { start: 271, end: 279 },
        value: '20230102'
      },
      altRepNodes: [
        {
          kind: 'AltRepParam',
          span: { start: 260, end: 270 },
          name: {
            kind: 'AltRepParamName',
            span: { start: 260, end: 265 },
            value: 'VALUE'
          },
          value: {
            kind: 'AltRepParamValue',
            span: { start: 266, end: 270 },
            value: 'DATE'
          }
        }
      ]
    },
    {
      kind: 'PropertyParameter',
      span: { start: 280, end: 305 },
      name: {
        kind: 'PropertyParameterName',
        span: { start: 280, end: 285 },
        value: 'DTEND'
      },
      value: {
        kind: 'PropertyParameterValue',
        span: { start: 297, end: 305 },
        value: '20230103'
      },
      altRepNodes: [
        {
          kind: 'AltRepParam',
          span: { start: 286, end: 296 },
          name: {
            kind: 'AltRepParamName',
            span: { start: 286, end: 291 },
            value: 'VALUE'
          },
          value: {
            kind: 'AltRepParamValue',
            span: { start: 292, end: 296 },
            value: 'DATE'
          }
        }
      ]
    },
    {
      kind: 'PropertyParameter',
      span: { start: 306, end: 330 },
      name: {
        kind: 'PropertyParameterName',
        span: { start: 306, end: 313 },
        value: 'DTSTAMP'
      },
      value: {
        kind: 'PropertyParameterValue',
        span: { start: 314, end: 330 },
        value: '20230313T185621Z'
      },
      altRepNodes: []
    },
    {
      kind: 'PropertyParameter',
      span: { start: 331, end: 381 },
      name: {
        kind: 'PropertyParameterName',
        span: { start: 331, end: 334 },
        value: 'UID'
      },
      value: {
        kind: 'PropertyParameterValue',
        span: { start: 335, end: 381 },
        value: '20230102_cfc086hkmftekgrsn83ci1dba8@google.com'
      },
      altRepNodes: []
    },
    {
      kind: 'PropertyParameter',
      span: { start: 382, end: 394 },
      name: {
        kind: 'PropertyParameterName',
        span: { start: 382, end: 387 },
        value: 'CLASS'
      },
      value: {
        kind: 'PropertyParameterValue',
        span: { start: 388, end: 394 },
        value: 'PUBLIC'
      },
      altRepNodes: []
    },
    {
      kind: 'PropertyParameter',
      span: { start: 395, end: 419 },
      name: {
        kind: 'PropertyParameterName',
        span: { start: 395, end: 402 },
        value: 'CREATED'
      },
      value: {
        kind: 'PropertyParameterValue',
        span: { start: 403, end: 419 },
        value: '20221221T094429Z'
      },
      altRepNodes: []
    },
    {
      kind: 'PropertyParameter',
      span: { start: 420, end: 444 },
      name: {
        kind: 'PropertyParameterName',
        span: { start: 420, end: 431 },
        value: 'DESCRIPTION'
      },
      value: {
        kind: 'PropertyParameterValue',
        span: { start: 432, end: 444 },
        value: 'Día festivo'
      },
      altRepNodes: []
    },
    {
      kind: 'PropertyParameter',
      span: { start: 445, end: 475 },
      name: {
        kind: 'PropertyParameterName',
        span: { start: 445, end: 458 },
        value: 'LAST-MODIFIED'
      },
      value: {
        kind: 'PropertyParameterValue',
        span: { start: 459, end: 475 },
        value: '20221221T094429Z'
      },
      altRepNodes: []
    },
    {
      kind: 'PropertyParameter',
      span: { start: 476, end: 486 },
      name: {
        kind: 'PropertyParameterName',
        span: { start: 476, end: 484 },
        value: 'SEQUENCE'
      },
      value: {
        kind: 'PropertyParameterValue',
        span: { start: 485, end: 486 },
        value: '0'
      },
      altRepNodes: []
    },
    {
      kind: 'PropertyParameter',
      span: { start: 487, end: 503 },
      name: {
        kind: 'PropertyParameterName',
        span: { start: 487, end: 493 },
        value: 'STATUS'
      },
      value: {
        kind: 'PropertyParameterValue',
        span: { start: 494, end: 503 },
        value: 'CONFIRMED'
      },
      altRepNodes: []
    },
    {
      kind: 'PropertyParameter',
      span: { start: 504, end: 557 },
      name: {
        kind: 'PropertyParameterName',
        span: { start: 504, end: 511 },
        value: 'SUMMARY'
      },
      value: {
        kind: 'PropertyParameterValue',
        span: { start: 512, end: 557 },
        value: 'descanso laboral correspondiente a Año Nuevo'
      },
      altRepNodes: []
    },
    {
      kind: 'PropertyParameter',
      span: { start: 558, end: 576 },
      name: {
        kind: 'PropertyParameterName',
        span: { start: 558, end: 564 },
        value: 'TRANSP'
      },
      value: {
        kind: 'PropertyParameterValue',
        span: { start: 565, end: 576 },
        value: 'TRANSPARENT'
      },
      altRepNodes: []
    },
    {
      kind: 'PropertyParameter',
      span: { start: 577, end: 587 },
      name: {
        kind: 'PropertyParameterName',
        span: { start: 577, end: 580 },
        value: 'END'
      },
      value: {
        kind: 'PropertyParameterValue',
        span: { start: 581, end: 587 },
        value: 'VEVENT'
      },
      altRepNodes: []
    },
    {
      kind: 'PropertyParameter',
      span: { start: 589, end: 601 },
      name: {
        kind: 'PropertyParameterName',
        span: { start: 589, end: 594 },
        value: 'BEGIN'
      },
      value: {
        kind: 'PropertyParameterValue',
        span: { start: 595, end: 601 },
        value: 'VEVENT'
      },
      altRepNodes: []
    },
    {
      kind: 'PropertyParameter',
      span: { start: 602, end: 629 },
      name: {
        kind: 'PropertyParameterName',
        span: { start: 602, end: 609 },
        value: 'DTSTART'
      },
      value: {
        kind: 'PropertyParameterValue',
        span: { start: 621, end: 629 },
        value: '20220916'
      },
      altRepNodes: [
        {
          kind: 'AltRepParam',
          span: { start: 610, end: 620 },
          name: {
            kind: 'AltRepParamName',
            span: { start: 610, end: 615 },
            value: 'VALUE'
          },
          value: {
            kind: 'AltRepParamValue',
            span: { start: 616, end: 620 },
            value: 'DATE'
          }
        }
      ]
    },
    {
      kind: 'PropertyParameter',
      span: { start: 630, end: 655 },
      name: {
        kind: 'PropertyParameterName',
        span: { start: 630, end: 635 },
        value: 'DTEND'
      },
      value: {
        kind: 'PropertyParameterValue',
        span: { start: 647, end: 655 },
        value: '20220917'
      },
      altRepNodes: [
        {
          kind: 'AltRepParam',
          span: { start: 636, end: 646 },
          name: {
            kind: 'AltRepParamName',
            span: { start: 636, end: 641 },
            value: 'VALUE'
          },
          value: {
            kind: 'AltRepParamValue',
            span: { start: 642, end: 646 },
            value: 'DATE'
          }
        }
      ]
    },
    {
      kind: 'PropertyParameter',
      span: { start: 656, end: 680 },
      name: {
        kind: 'PropertyParameterName',
        span: { start: 656, end: 663 },
        value: 'DTSTAMP'
      },
      value: {
        kind: 'PropertyParameterValue',
        span: { start: 664, end: 680 },
        value: '20230313T185621Z'
      },
      altRepNodes: []
    },
    {
      kind: 'PropertyParameter',
      span: { start: 681, end: 731 },
      name: {
        kind: 'PropertyParameterName',
        span: { start: 681, end: 684 },
        value: 'UID'
      },
      value: {
        kind: 'PropertyParameterValue',
        span: { start: 685, end: 731 },
        value: '20220916_6h3tu3lhu3pmm9o7eads8q92eg@google.com'
      },
      altRepNodes: []
    },
    {
      kind: 'PropertyParameter',
      span: { start: 732, end: 744 },
      name: {
        kind: 'PropertyParameterName',
        span: { start: 732, end: 737 },
        value: 'CLASS'
      },
      value: {
        kind: 'PropertyParameterValue',
        span: { start: 738, end: 744 },
        value: 'PUBLIC'
      },
      altRepNodes: []
    },
    {
      kind: 'PropertyParameter',
      span: { start: 745, end: 769 },
      name: {
        kind: 'PropertyParameterName',
        span: { start: 745, end: 752 },
        value: 'CREATED'
      },
      value: {
        kind: 'PropertyParameterValue',
        span: { start: 753, end: 769 },
        value: '20221004T133601Z'
      },
      altRepNodes: []
    },
    {
      kind: 'PropertyParameter',
      span: { start: 770, end: 794 },
      name: {
        kind: 'PropertyParameterName',
        span: { start: 770, end: 781 },
        value: 'DESCRIPTION'
      },
      value: {
        kind: 'PropertyParameterValue',
        span: { start: 782, end: 794 },
        value: 'Día festivo'
      },
      altRepNodes: []
    },
    {
      kind: 'PropertyParameter',
      span: { start: 795, end: 825 },
      name: {
        kind: 'PropertyParameterName',
        span: { start: 795, end: 808 },
        value: 'LAST-MODIFIED'
      },
      value: {
        kind: 'PropertyParameterValue',
        span: { start: 809, end: 825 },
        value: '20221004T133601Z'
      },
      altRepNodes: []
    },
    {
      kind: 'PropertyParameter',
      span: { start: 826, end: 836 },
      name: {
        kind: 'PropertyParameterName',
        span: { start: 826, end: 834 },
        value: 'SEQUENCE'
      },
      value: {
        kind: 'PropertyParameterValue',
        span: { start: 835, end: 836 },
        value: '0'
      },
      altRepNodes: []
    },
    {
      kind: 'PropertyParameter',
      span: { start: 837, end: 853 },
      name: {
        kind: 'PropertyParameterName',
        span: { start: 837, end: 843 },
        value: 'STATUS'
      },
      value: {
        kind: 'PropertyParameterValue',
        span: { start: 844, end: 853 },
        value: 'CONFIRMED'
      },
      altRepNodes: []
    },
    {
      kind: 'PropertyParameter',
      span: { start: 854, end: 927 },
      name: {
        kind: 'PropertyParameterName',
        span: { start: 854, end: 861 },
        value: 'SUMMARY'
      },
      value: {
        kind: 'PropertyParameterValue',
        span: { start: 862, end: 927 },
        value: 'descanso laboral correspondiente a 1ª Junta Nacional de Gobierno'
      },
      altRepNodes: []
    },
    {
      kind: 'PropertyParameter',
      span: { start: 928, end: 946 },
      name: {
        kind: 'PropertyParameterName',
        span: { start: 928, end: 934 },
        value: 'TRANSP'
      },
      value: {
        kind: 'PropertyParameterValue',
        span: { start: 935, end: 946 },
        value: 'TRANSPARENT'
      },
      altRepNodes: []
    },
    {
      kind: 'PropertyParameter',
      span: { start: 947, end: 957 },
      name: {
        kind: 'PropertyParameterName',
        span: { start: 947, end: 950 },
        value: 'END'
      },
      value: {
        kind: 'PropertyParameterValue',
        span: { start: 951, end: 957 },
        value: 'VEVENT'
      },
      altRepNodes: []
    },
    {
      kind: 'PropertyParameter',
      span: { start: 958, end: 970 },
      name: {
        kind: 'PropertyParameterName',
        span: { start: 958, end: 963 },
        value: 'BEGIN'
      },
      value: {
        kind: 'PropertyParameterValue',
        span: { start: 964, end: 970 },
        value: 'VEVENT'
      },
      altRepNodes: []
    },
    {
      kind: 'PropertyParameter',
      span: { start: 971, end: 998 },
      name: {
        kind: 'PropertyParameterName',
        span: { start: 971, end: 978 },
        value: 'DTSTART'
      },
      value: {
        kind: 'PropertyParameterValue',
        span: { start: 990, end: 998 },
        value: '20240329'
      },
      altRepNodes: [
        {
          kind: 'AltRepParam',
          span: { start: 979, end: 989 },
          name: {
            kind: 'AltRepParamName',
            span: { start: 979, end: 984 },
            value: 'VALUE'
          },
          value: {
            kind: 'AltRepParamValue',
            span: { start: 985, end: 989 },
            value: 'DATE'
          }
        }
      ]
    },
    {
      kind: 'PropertyParameter',
      span: { start: 999, end: 1024 },
      name: {
        kind: 'PropertyParameterName',
        span: { start: 999, end: 1004 },
        value: 'DTEND'
      },
      value: {
        kind: 'PropertyParameterValue',
        span: { start: 1016, end: 1024 },
        value: '20240330'
      },
      altRepNodes: [
        {
          kind: 'AltRepParam',
          span: { start: 1005, end: 1015 },
          name: {
            kind: 'AltRepParamName',
            span: { start: 1005, end: 1010 },
            value: 'VALUE'
          },
          value: {
            kind: 'AltRepParamValue',
            span: { start: 1011, end: 1015 },
            value: 'DATE'
          }
        }
      ]
    },
    {
      kind: 'PropertyParameter',
      span: { start: 1025, end: 1049 },
      name: {
        kind: 'PropertyParameterName',
        span: { start: 1025, end: 1032 },
        value: 'DTSTAMP'
      },
      value: {
        kind: 'PropertyParameterValue',
        span: { start: 1033, end: 1049 },
        value: '20230313T185621Z'
      },
      altRepNodes: []
    },
    {
      kind: 'PropertyParameter',
      span: { start: 1050, end: 1100 },
      name: {
        kind: 'PropertyParameterName',
        span: { start: 1050, end: 1053 },
        value: 'UID'
      },
      value: {
        kind: 'PropertyParameterValue',
        span: { start: 1054, end: 1100 },
        value: '20240329_495q37obd1qjuh23sv13cnk114@google.com'
      },
      altRepNodes: []
    },
    {
      kind: 'PropertyParameter',
      span: { start: 1101, end: 1113 },
      name: {
        kind: 'PropertyParameterName',
        span: { start: 1101, end: 1106 },
        value: 'CLASS'
      },
      value: {
        kind: 'PropertyParameterValue',
        span: { start: 1107, end: 1113 },
        value: 'PUBLIC'
      },
      altRepNodes: []
    },
    {
      kind: 'PropertyParameter',
      span: { start: 1114, end: 1138 },
      name: {
        kind: 'PropertyParameterName',
        span: { start: 1114, end: 1121 },
        value: 'CREATED'
      },
      value: {
        kind: 'PropertyParameterValue',
        span: { start: 1122, end: 1138 },
        value: '20220923T163822Z'
      },
      altRepNodes: []
    },
    {
      kind: 'PropertyParameter',
      span: { start: 1139, end: 1163 },
      name: {
        kind: 'PropertyParameterName',
        span: { start: 1139, end: 1150 },
        value: 'DESCRIPTION'
      },
      value: {
        kind: 'PropertyParameterValue',
        span: { start: 1151, end: 1163 },
        value: 'Día festivo'
      },
      altRepNodes: []
    },
    {
      kind: 'PropertyParameter',
      span: { start: 1164, end: 1194 },
      name: {
        kind: 'PropertyParameterName',
        span: { start: 1164, end: 1177 },
        value: 'LAST-MODIFIED'
      },
      value: {
        kind: 'PropertyParameterValue',
        span: { start: 1178, end: 1194 },
        value: '20220923T163822Z'
      },
      altRepNodes: []
    },
    {
      kind: 'PropertyParameter',
      span: { start: 1195, end: 1205 },
      name: {
        kind: 'PropertyParameterName',
        span: { start: 1195, end: 1203 },
        value: 'SEQUENCE'
      },
      value: {
        kind: 'PropertyParameterValue',
        span: { start: 1204, end: 1205 },
        value: '0'
      },
      altRepNodes: []
    },
    {
      kind: 'PropertyParameter',
      span: { start: 1206, end: 1222 },
      name: {
        kind: 'PropertyParameterName',
        span: { start: 1206, end: 1212 },
        value: 'STATUS'
      },
      value: {
        kind: 'PropertyParameterValue',
        span: { start: 1213, end: 1222 },
        value: 'CONFIRMED'
      },
      altRepNodes: []
    },
    {
      kind: 'PropertyParameter',
      span: { start: 1223, end: 1244 },
      name: {
        kind: 'PropertyParameterName',
        span: { start: 1223, end: 1230 },
        value: 'SUMMARY'
      },
      value: {
        kind: 'PropertyParameterValue',
        span: { start: 1231, end: 1244 },
        value: 'Viernes Santo'
      },
      altRepNodes: []
    },
    {
      kind: 'PropertyParameter',
      span: { start: 1245, end: 1263 },
      name: {
        kind: 'PropertyParameterName',
        span: { start: 1245, end: 1251 },
        value: 'TRANSP'
      },
      value: {
        kind: 'PropertyParameterValue',
        span: { start: 1252, end: 1263 },
        value: 'TRANSPARENT'
      },
      altRepNodes: []
    },
    {
      kind: 'PropertyParameter',
      span: { start: 1264, end: 1274 },
      name: {
        kind: 'PropertyParameterName',
        span: { start: 1264, end: 1267 },
        value: 'END'
      },
      value: {
        kind: 'PropertyParameterValue',
        span: { start: 1268, end: 1274 },
        value: 'VEVENT'
      },
      altRepNodes: []
    },
    {
      kind: 'PropertyParameter',
      span: { start: 1275, end: 1287 },
      name: {
        kind: 'PropertyParameterName',
        span: { start: 1275, end: 1280 },
        value: 'BEGIN'
      },
      value: {
        kind: 'PropertyParameterValue',
        span: { start: 1281, end: 1287 },
        value: 'VEVENT'
      },
      altRepNodes: []
    },
    {
      kind: 'PropertyParameter',
      span: { start: 1288, end: 1315 },
      name: {
        kind: 'PropertyParameterName',
        span: { start: 1288, end: 1295 },
        value: 'DTSTART'
      },
      value: {
        kind: 'PropertyParameterValue',
        span: { start: 1307, end: 1315 },
        value: '20230407'
      },
      altRepNodes: [
        {
          kind: 'AltRepParam',
          span: { start: 1296, end: 1306 },
          name: {
            kind: 'AltRepParamName',
            span: { start: 1296, end: 1301 },
            value: 'VALUE'
          },
          value: {
            kind: 'AltRepParamValue',
            span: { start: 1302, end: 1306 },
            value: 'DATE'
          }
        }
      ]
    },
    {
      kind: 'PropertyParameter',
      span: { start: 1316, end: 1341 },
      name: {
        kind: 'PropertyParameterName',
        span: { start: 1316, end: 1321 },
        value: 'DTEND'
      },
      value: {
        kind: 'PropertyParameterValue',
        span: { start: 1333, end: 1341 },
        value: '20230408'
      },
      altRepNodes: [
        {
          kind: 'AltRepParam',
          span: { start: 1322, end: 1332 },
          name: {
            kind: 'AltRepParamName',
            span: { start: 1322, end: 1327 },
            value: 'VALUE'
          },
          value: {
            kind: 'AltRepParamValue',
            span: { start: 1328, end: 1332 },
            value: 'DATE'
          }
        }
      ]
    },
    {
      kind: 'PropertyParameter',
      span: { start: 1342, end: 1366 },
      name: {
        kind: 'PropertyParameterName',
        span: { start: 1342, end: 1349 },
        value: 'DTSTAMP'
      },
      value: {
        kind: 'PropertyParameterValue',
        span: { start: 1350, end: 1366 },
        value: '20230313T185621Z'
      },
      altRepNodes: []
    },
    {
      kind: 'PropertyParameter',
      span: { start: 1367, end: 1417 },
      name: {
        kind: 'PropertyParameterName',
        span: { start: 1367, end: 1370 },
        value: 'UID'
      },
      value: {
        kind: 'PropertyParameterValue',
        span: { start: 1371, end: 1417 },
        value: '20230407_5kv6eclri1p4i8714e5i6g7dr4@google.com'
      },
      altRepNodes: []
    },
    {
      kind: 'PropertyParameter',
      span: { start: 1418, end: 1430 },
      name: {
        kind: 'PropertyParameterName',
        span: { start: 1418, end: 1423 },
        value: 'CLASS'
      },
      value: {
        kind: 'PropertyParameterValue',
        span: { start: 1424, end: 1430 },
        value: 'PUBLIC'
      },
      altRepNodes: []
    },
    {
      kind: 'PropertyParameter',
      span: { start: 1431, end: 1455 },
      name: {
        kind: 'PropertyParameterName',
        span: { start: 1431, end: 1438 },
        value: 'CREATED'
      },
      value: {
        kind: 'PropertyParameterValue',
        span: { start: 1439, end: 1455 },
        value: '20220923T163822Z'
      },
      altRepNodes: []
    },
    {
      kind: 'PropertyParameter',
      span: { start: 1456, end: 1480 },
      name: {
        kind: 'PropertyParameterName',
        span: { start: 1456, end: 1467 },
        value: 'DESCRIPTION'
      },
      value: {
        kind: 'PropertyParameterValue',
        span: { start: 1468, end: 1480 },
        value: 'Día festivo'
      },
      altRepNodes: []
    },
    {
      kind: 'PropertyParameter',
      span: { start: 1481, end: 1511 },
      name: {
        kind: 'PropertyParameterName',
        span: { start: 1481, end: 1494 },
        value: 'LAST-MODIFIED'
      },
      value: {
        kind: 'PropertyParameterValue',
        span: { start: 1495, end: 1511 },
        value: '20220923T163822Z'
      },
      altRepNodes: []
    },
    {
      kind: 'PropertyParameter',
      span: { start: 1512, end: 1522 },
      name: {
        kind: 'PropertyParameterName',
        span: { start: 1512, end: 1520 },
        value: 'SEQUENCE'
      },
      value: {
        kind: 'PropertyParameterValue',
        span: { start: 1521, end: 1522 },
        value: '0'
      },
      altRepNodes: []
    },
    {
      kind: 'PropertyParameter',
      span: { start: 1523, end: 1539 },
      name: {
        kind: 'PropertyParameterName',
        span: { start: 1523, end: 1529 },
        value: 'STATUS'
      },
      value: {
        kind: 'PropertyParameterValue',
        span: { start: 1530, end: 1539 },
        value: 'CONFIRMED'
      },
      altRepNodes: []
    },
    {
      kind: 'PropertyParameter',
      span: { start: 1540, end: 1561 },
      name: {
        kind: 'PropertyParameterName',
        span: { start: 1540, end: 1547 },
        value: 'SUMMARY'
      },
      value: {
        kind: 'PropertyParameterValue',
        span: { start: 1548, end: 1561 },
        value: 'Viernes Santo'
      },
      altRepNodes: []
    },
    {
      kind: 'PropertyParameter',
      span: { start: 1562, end: 1580 },
      name: {
        kind: 'PropertyParameterName',
        span: { start: 1562, end: 1568 },
        value: 'TRANSP'
      },
      value: {
        kind: 'PropertyParameterValue',
        span: { start: 1569, end: 1580 },
        value: 'TRANSPARENT'
      },
      altRepNodes: []
    },
    {
      kind: 'PropertyParameter',
      span: { start: 1581, end: 1591 },
      name: {
        kind: 'PropertyParameterName',
        span: { start: 1581, end: 1584 },
        value: 'END'
      },
      value: {
        kind: 'PropertyParameterValue',
        span: { start: 1585, end: 1591 },
        value: 'VEVENT'
      },
      altRepNodes: []
    },
    {
      kind: 'PropertyParameter',
      span: { start: 1592, end: 1604 },
      name: {
        kind: 'PropertyParameterName',
        span: { start: 1592, end: 1597 },
        value: 'BEGIN'
      },
      value: {
        kind: 'PropertyParameterValue',
        span: { start: 1598, end: 1604 },
        value: 'VEVENT'
      },
      altRepNodes: []
    },
    {
      kind: 'PropertyParameter',
      span: { start: 1605, end: 1632 },
      name: {
        kind: 'PropertyParameterName',
        span: { start: 1605, end: 1612 },
        value: 'DTSTART'
      },
      value: {
        kind: 'PropertyParameterValue',
        span: { start: 1624, end: 1632 },
        value: '20240330'
      },
      altRepNodes: [
        {
          kind: 'AltRepParam',
          span: { start: 1613, end: 1623 },
          name: {
            kind: 'AltRepParamName',
            span: { start: 1613, end: 1618 },
            value: 'VALUE'
          },
          value: {
            kind: 'AltRepParamValue',
            span: { start: 1619, end: 1623 },
            value: 'DATE'
          }
        }
      ]
    },
    {
      kind: 'PropertyParameter',
      span: { start: 1633, end: 1658 },
      name: {
        kind: 'PropertyParameterName',
        span: { start: 1633, end: 1638 },
        value: 'DTEND'
      },
      value: {
        kind: 'PropertyParameterValue',
        span: { start: 1650, end: 1658 },
        value: '20240331'
      },
      altRepNodes: [
        {
          kind: 'AltRepParam',
          span: { start: 1639, end: 1649 },
          name: {
            kind: 'AltRepParamName',
            span: { start: 1639, end: 1644 },
            value: 'VALUE'
          },
          value: {
            kind: 'AltRepParamValue',
            span: { start: 1645, end: 1649 },
            value: 'DATE'
          }
        }
      ]
    },
    {
      kind: 'PropertyParameter',
      span: { start: 1659, end: 1683 },
      name: {
        kind: 'PropertyParameterName',
        span: { start: 1659, end: 1666 },
        value: 'DTSTAMP'
      },
      value: {
        kind: 'PropertyParameterValue',
        span: { start: 1667, end: 1683 },
        value: '20230313T185621Z'
      },
      altRepNodes: []
    },
    {
      kind: 'PropertyParameter',
      span: { start: 1684, end: 1734 },
      name: {
        kind: 'PropertyParameterName',
        span: { start: 1684, end: 1687 },
        value: 'UID'
      },
      value: {
        kind: 'PropertyParameterValue',
        span: { start: 1688, end: 1734 },
        value: '20240330_v572mqp3irk9sconbiplj13fhs@google.com'
      },
      altRepNodes: []
    },
    {
      kind: 'PropertyParameter',
      span: { start: 1735, end: 1747 },
      name: {
        kind: 'PropertyParameterName',
        span: { start: 1735, end: 1740 },
        value: 'CLASS'
      },
      value: {
        kind: 'PropertyParameterValue',
        span: { start: 1741, end: 1747 },
        value: 'PUBLIC'
      },
      altRepNodes: []
    },
    {
      kind: 'PropertyParameter',
      span: { start: 1748, end: 1772 },
      name: {
        kind: 'PropertyParameterName',
        span: { start: 1748, end: 1755 },
        value: 'CREATED'
      },
      value: {
        kind: 'PropertyParameterValue',
        span: { start: 1756, end: 1772 },
        value: '20220923T163822Z'
      },
      altRepNodes: []
    },
    {
      kind: 'PropertyParameter',
      span: { start: 1773, end: 1797 },
      name: {
        kind: 'PropertyParameterName',
        span: { start: 1773, end: 1784 },
        value: 'DESCRIPTION'
      },
      value: {
        kind: 'PropertyParameterValue',
        span: { start: 1785, end: 1797 },
        value: 'Día festivo'
      },
      altRepNodes: []
    },
    {
      kind: 'PropertyParameter',
      span: { start: 1798, end: 1828 },
      name: {
        kind: 'PropertyParameterName',
        span: { start: 1798, end: 1811 },
        value: 'LAST-MODIFIED'
      },
      value: {
        kind: 'PropertyParameterValue',
        span: { start: 1812, end: 1828 },
        value: '20220923T163822Z'
      },
      altRepNodes: []
    },
    {
      kind: 'PropertyParameter',
      span: { start: 1829, end: 1839 },
      name: {
        kind: 'PropertyParameterName',
        span: { start: 1829, end: 1837 },
        value: 'SEQUENCE'
      },
      value: {
        kind: 'PropertyParameterValue',
        span: { start: 1838, end: 1839 },
        value: '0'
      },
      altRepNodes: []
    },
    {
      kind: 'PropertyParameter',
      span: { start: 1840, end: 1856 },
      name: {
        kind: 'PropertyParameterName',
        span: { start: 1840, end: 1846 },
        value: 'STATUS'
      },
      value: {
        kind: 'PropertyParameterValue',
        span: { start: 1847, end: 1856 },
        value: 'CONFIRMED'
      },
      altRepNodes: []
    },
    {
      kind: 'PropertyParameter',
      span: { start: 1857, end: 1878 },
      name: {
        kind: 'PropertyParameterName',
        span: { start: 1857, end: 1864 },
        value: 'SUMMARY'
      },
      value: {
        kind: 'PropertyParameterValue',
        span: { start: 1865, end: 1878 },
        value: 'Sábado Santo'
      },
      altRepNodes: []
    },
    {
      kind: 'PropertyParameter',
      span: { start: 1879, end: 1897 },
      name: {
        kind: 'PropertyParameterName',
        span: { start: 1879, end: 1885 },
        value: 'TRANSP'
      },
      value: {
        kind: 'PropertyParameterValue',
        span: { start: 1886, end: 1897 },
        value: 'TRANSPARENT'
      },
      altRepNodes: []
    },
    {
      kind: 'PropertyParameter',
      span: { start: 1898, end: 1908 },
      name: {
        kind: 'PropertyParameterName',
        span: { start: 1898, end: 1901 },
        value: 'END'
      },
      value: {
        kind: 'PropertyParameterValue',
        span: { start: 1902, end: 1908 },
        value: 'VEVENT'
      },
      altRepNodes: []
    },
    {
      kind: 'PropertyParameter',
      span: { start: 1909, end: 1921 },
      name: {
        kind: 'PropertyParameterName',
        span: { start: 1909, end: 1914 },
        value: 'BEGIN'
      },
      value: {
        kind: 'PropertyParameterValue',
        span: { start: 1915, end: 1921 },
        value: 'VEVENT'
      },
      altRepNodes: []
    },
    {
      kind: 'PropertyParameter',
      span: { start: 1922, end: 1949 },
      name: {
        kind: 'PropertyParameterName',
        span: { start: 1922, end: 1929 },
        value: 'DTSTART'
      },
      value: {
        kind: 'PropertyParameterValue',
        span: { start: 1941, end: 1949 },
        value: '20230408'
      },
      altRepNodes: [
        {
          kind: 'AltRepParam',
          span: { start: 1930, end: 1940 },
          name: {
            kind: 'AltRepParamName',
            span: { start: 1930, end: 1935 },
            value: 'VALUE'
          },
          value: {
            kind: 'AltRepParamValue',
            span: { start: 1936, end: 1940 },
            value: 'DATE'
          }
        }
      ]
    },
    {
      kind: 'PropertyParameter',
      span: { start: 1950, end: 1975 },
      name: {
        kind: 'PropertyParameterName',
        span: { start: 1950, end: 1955 },
        value: 'DTEND'
      },
      value: {
        kind: 'PropertyParameterValue',
        span: { start: 1967, end: 1975 },
        value: '20230409'
      },
      altRepNodes: [
        {
          kind: 'AltRepParam',
          span: { start: 1956, end: 1966 },
          name: {
            kind: 'AltRepParamName',
            span: { start: 1956, end: 1961 },
            value: 'VALUE'
          },
          value: {
            kind: 'AltRepParamValue',
            span: { start: 1962, end: 1966 },
            value: 'DATE'
          }
        }
      ]
    },
    {
      kind: 'PropertyParameter',
      span: { start: 1976, end: 2000 },
      name: {
        kind: 'PropertyParameterName',
        span: { start: 1976, end: 1983 },
        value: 'DTSTAMP'
      },
      value: {
        kind: 'PropertyParameterValue',
        span: { start: 1984, end: 2000 },
        value: '20230313T185621Z'
      },
      altRepNodes: []
    },
    {
      kind: 'PropertyParameter',
      span: { start: 2001, end: 2051 },
      name: {
        kind: 'PropertyParameterName',
        span: { start: 2001, end: 2004 },
        value: 'UID'
      },
      value: {
        kind: 'PropertyParameterValue',
        span: { start: 2005, end: 2051 },
        value: '20230408_mdca3u9s3o7ue790d16qhgi3n8@google.com'
      },
      altRepNodes: []
    },
    {
      kind: 'PropertyParameter',
      span: { start: 2052, end: 2064 },
      name: {
        kind: 'PropertyParameterName',
        span: { start: 2052, end: 2057 },
        value: 'CLASS'
      },
      value: {
        kind: 'PropertyParameterValue',
        span: { start: 2058, end: 2064 },
        value: 'PUBLIC'
      },
      altRepNodes: []
    },
    {
      kind: 'PropertyParameter',
      span: { start: 2065, end: 2089 },
      name: {
        kind: 'PropertyParameterName',
        span: { start: 2065, end: 2072 },
        value: 'CREATED'
      },
      value: {
        kind: 'PropertyParameterValue',
        span: { start: 2073, end: 2089 },
        value: '20220923T163822Z'
      },
      altRepNodes: []
    },
    {
      kind: 'PropertyParameter',
      span: { start: 2090, end: 2114 },
      name: {
        kind: 'PropertyParameterName',
        span: { start: 2090, end: 2101 },
        value: 'DESCRIPTION'
      },
      value: {
        kind: 'PropertyParameterValue',
        span: { start: 2102, end: 2114 },
        value: 'Día festivo'
      },
      altRepNodes: []
    },
    {
      kind: 'PropertyParameter',
      span: { start: 2115, end: 2145 },
      name: {
        kind: 'PropertyParameterName',
        span: { start: 2115, end: 2128 },
        value: 'LAST-MODIFIED'
      },
      value: {
        kind: 'PropertyParameterValue',
        span: { start: 2129, end: 2145 },
        value: '20220923T163822Z'
      },
      altRepNodes: []
    },
    {
      kind: 'PropertyParameter',
      span: { start: 2146, end: 2156 },
      name: {
        kind: 'PropertyParameterName',
        span: { start: 2146, end: 2154 },
        value: 'SEQUENCE'
      },
      value: {
        kind: 'PropertyParameterValue',
        span: { start: 2155, end: 2156 },
        value: '0'
      },
      altRepNodes: []
    },
    {
      kind: 'PropertyParameter',
      span: { start: 2157, end: 2173 },
      name: {
        kind: 'PropertyParameterName',
        span: { start: 2157, end: 2163 },
        value: 'STATUS'
      },
      value: {
        kind: 'PropertyParameterValue',
        span: { start: 2164, end: 2173 },
        value: 'CONFIRMED'
      },
      altRepNodes: []
    },
    {
      kind: 'PropertyParameter',
      span: { start: 2174, end: 2195 },
      name: {
        kind: 'PropertyParameterName',
        span: { start: 2174, end: 2181 },
        value: 'SUMMARY'
      },
      value: {
        kind: 'PropertyParameterValue',
        span: { start: 2182, end: 2195 },
        value: 'Sábado Santo'
      },
      altRepNodes: []
    },
    {
      kind: 'PropertyParameter',
      span: { start: 2196, end: 2214 },
      name: {
        kind: 'PropertyParameterName',
        span: { start: 2196, end: 2202 },
        value: 'TRANSP'
      },
      value: {
        kind: 'PropertyParameterValue',
        span: { start: 2203, end: 2214 },
        value: 'TRANSPARENT'
      },
      altRepNodes: []
    },
    {
      kind: 'PropertyParameter',
      span: { start: 2215, end: 2225 },
      name: {
        kind: 'PropertyParameterName',
        span: { start: 2215, end: 2218 },
        value: 'END'
      },
      value: {
        kind: 'PropertyParameterValue',
        span: { start: 2219, end: 2225 },
        value: 'VEVENT'
      },
      altRepNodes: []
    },
    {
      kind: 'PropertyParameter',
      span: { start: 2226, end: 2238 },
      name: {
        kind: 'PropertyParameterName',
        span: { start: 2226, end: 2231 },
        value: 'BEGIN'
      },
      value: {
        kind: 'PropertyParameterValue',
        span: { start: 2232, end: 2238 },
        value: 'VEVENT'
      },
      altRepNodes: []
    },
    {
      kind: 'PropertyParameter',
      span: { start: 2239, end: 2266 },
      name: {
        kind: 'PropertyParameterName',
        span: { start: 2239, end: 2246 },
        value: 'DTSTART'
      },
      value: {
        kind: 'PropertyParameterValue',
        span: { start: 2258, end: 2266 },
        value: '20240629'
      },
      altRepNodes: [
        {
          kind: 'AltRepParam',
          span: { start: 2247, end: 2257 },
          name: {
            kind: 'AltRepParamName',
            span: { start: 2247, end: 2252 },
            value: 'VALUE'
          },
          value: {
            kind: 'AltRepParamValue',
            span: { start: 2253, end: 2257 },
            value: 'DATE'
          }
        }
      ]
    },
    {
      kind: 'PropertyParameter',
      span: { start: 2267, end: 2292 },
      name: {
        kind: 'PropertyParameterName',
        span: { start: 2267, end: 2272 },
        value: 'DTEND'
      },
      value: {
        kind: 'PropertyParameterValue',
        span: { start: 2284, end: 2292 },
        value: '20240630'
      },
      altRepNodes: [
        {
          kind: 'AltRepParam',
          span: { start: 2273, end: 2283 },
          name: {
            kind: 'AltRepParamName',
            span: { start: 2273, end: 2278 },
            value: 'VALUE'
          },
          value: {
            kind: 'AltRepParamValue',
            span: { start: 2279, end: 2283 },
            value: 'DATE'
          }
        }
      ]
    },
    {
      kind: 'PropertyParameter',
      span: { start: 2293, end: 2317 },
      name: {
        kind: 'PropertyParameterName',
        span: { start: 2293, end: 2300 },
        value: 'DTSTAMP'
      },
      value: {
        kind: 'PropertyParameterValue',
        span: { start: 2301, end: 2317 },
        value: '20230313T185621Z'
      },
      altRepNodes: []
    },
    {
      kind: 'PropertyParameter',
      span: { start: 2318, end: 2368 },
      name: {
        kind: 'PropertyParameterName',
        span: { start: 2318, end: 2321 },
        value: 'UID'
      },
      value: {
        kind: 'PropertyParameterValue',
        span: { start: 2322, end: 2368 },
        value: '20240629_c5q0sut33placaesdstfas78sg@google.com'
      },
      altRepNodes: []
    },
    {
      kind: 'PropertyParameter',
      span: { start: 2369, end: 2381 },
      name: {
        kind: 'PropertyParameterName',
        span: { start: 2369, end: 2374 },
        value: 'CLASS'
      },
      value: {
        kind: 'PropertyParameterValue',
        span: { start: 2375, end: 2381 },
        value: 'PUBLIC'
      },
      altRepNodes: []
    },
    {
      kind: 'PropertyParameter',
      span: { start: 2382, end: 2406 },
      name: {
        kind: 'PropertyParameterName',
        span: { start: 2382, end: 2389 },
        value: 'CREATED'
      },
      value: {
        kind: 'PropertyParameterValue',
        span: { start: 2390, end: 2406 },
        value: '20220923T163822Z'
      },
      altRepNodes: []
    },
    ... 764 more items
  ]
}