{
  kind: 'Module',
  nodes: [
    {
      kind: 'VComponent',
      componentKind: 'VCALENDAR',
      nodes: [
        {
          kind: 'PropertyParameter',
          altRepNodes: [],
          span: {
            start: { pos: 17, line: 2, col: 2 },
            end: { pos: 66, line: 2, col: 51 }
          },
          name: {
            kind: 'PropertyParameterName',
            span: {
              start: { pos: 17, line: 2, col: 2 },
              end: { pos: 23, line: 2, col: 8 }
            },
            value: 'PRODID'
          },
          value: {
            kind: 'PropertyParameterValue',
            span: {
              start: { pos: 24, line: 2, col: 9 },
              end: { pos: 66, line: 2, col: 51 }
            },
            value: '-//Google Inc//Google Calendar 70.9054//EN'
          }
        },
        {
          kind: 'PropertyParameter',
          altRepNodes: [],
          span: {
            start: { pos: 68, line: 3, col: 2 },
            end: { pos: 79, line: 3, col: 13 }
          },
          name: {
            kind: 'PropertyParameterName',
            span: {
              start: { pos: 68, line: 3, col: 2 },
              end: { pos: 75, line: 3, col: 9 }
            },
            value: 'VERSION'
          },
          value: {
            kind: 'PropertyParameterValue',
            span: {
              start: { pos: 76, line: 3, col: 10 },
              end: { pos: 79, line: 3, col: 13 }
            },
            value: '2.0'
          }
        },
        {
          kind: 'VComponent',
          componentKind: 'VEVENT',
          nodes: [
            {
              kind: 'PropertyParameter',
              altRepNodes: [],
              span: {
                start: { pos: 95, line: 5, col: 2 },
                end: { pos: 111, line: 5, col: 18 }
              },
              name: {
                kind: 'PropertyParameterName',
                span: {
                  start: { pos: 95, line: 5, col: 2 },
                  end: { pos: 102, line: 5, col: 9 }
                },
                value: 'DTSTART'
              },
              value: {
                kind: 'PropertyParameterValue',
                span: {
                  start: { pos: 103, line: 5, col: 10 },
                  end: { pos: 111, line: 5, col: 18 }
                },
                value: '20230102'
              }
            },
            {
              kind: 'PropertyParameter',
              altRepNodes: [],
              span: {
                start: { pos: 113, line: 6, col: 2 },
                end: { pos: 127, line: 6, col: 16 }
              },
              name: {
                kind: 'PropertyParameterName',
                span: {
                  start: { pos: 113, line: 6, col: 2 },
                  end: { pos: 118, line: 6, col: 7 }
                },
                value: 'DTEND'
              },
              value: {
                kind: 'PropertyParameterValue',
                span: {
                  start: { pos: 119, line: 6, col: 8 },
                  end: { pos: 127, line: 6, col: 16 }
                },
                value: '20230103'
              }
            },
            {
              kind: 'PropertyParameter',
              altRepNodes: [],
              span: {
                start: { pos: 129, line: 7, col: 2 },
                end: { pos: 153, line: 7, col: 26 }
              },
              name: {
                kind: 'PropertyParameterName',
                span: {
                  start: { pos: 129, line: 7, col: 2 },
                  end: { pos: 136, line: 7, col: 9 }
                },
                value: 'DTSTAMP'
              },
              value: {
                kind: 'PropertyParameterValue',
                span: {
                  start: { pos: 137, line: 7, col: 10 },
                  end: { pos: 153, line: 7, col: 26 }
                },
                value: '20230313T185621Z'
              }
            }
          ],
          span: {
            start: { pos: 81, line: 4, col: 2 },
            end: { pos: 155, line: 8, col: 2 }
          }
        }
      ],
      span: {
        start: { pos: 0, line: 1, col: 1 },
        end: { pos: 167, line: 9, col: 2 }
      }
    }
  ],
  span: {
    start: { pos: 0, line: 1, col: 1 },
    end: { pos: 167, line: 9, col: 2 }
  }
}