{
  kind: 'Module',
  span: { start: 0, end: 100 },
  nodes: [
    {
      kind: 'PropertyParameter',
      span: { start: 0, end: 99 },
      name: {
        kind: 'PropertyParameterName',
        span: { start: 0, end: 11 },
        value: 'DESCRIPTION'
      },
      value: {
        kind: 'PropertyParameterValue',
        span: { start: 40, end: 99 },
        value: "The Fall'98 Wild Wizards Conference - - Las Vegas, NV, USA"
      },
      altRepNodes: [
        {
          kind: 'AltRepParam',
          span: { start: 12, end: 39 },
          name: {
            kind: 'AltRepParamName',
            span: { start: 12, end: 18 },
            value: 'ALTREP'
          },
          value: {
            kind: 'AltRepParamValue',
            span: { start: 19, end: 39 },
            value: 'http://www.wiz.org'
          }
        }
      ]
    }
  ]
}