ICalendar {
  kind: 'VCALENDAR',
  properties: Map(9) {
    'VERSION' => PropertyValue { value: '2.0', parameters: Map(0) {} },
    'PRODID' => PropertyValue {
      value: '-//Office Holidays Ltd.//EN',
      parameters: Map(0) {}
    },
    'X-WR-CALNAME' => PropertyValue {
      value: 'International Holidays',
      parameters: Map(0) {}
    },
    'X-WR-CALDESC' => PropertyValue {
      value: 'Public Holidays in International. Provided by http://www.officeholidays.com',
      parameters: Map(0) {}
    },
    'REFRESH-INTERVAL' => PropertyValue {
      value: 'PT48H',
      parameters: Map(1) { 'VALUE' => 'DURATION' }
    },
    'X-PUBLISHED-TTL' => PropertyValue { value: 'PT48H', parameters: Map(0) {} },
    'CALSCALE' => PropertyValue { value: 'GREGORIAN', parameters: Map(0) {} },
    'METHOD' => PropertyValue { value: 'PUBLISH', parameters: Map(0) {} },
    'X-MS-OLK-FORCEINSPECTOROPEN' => PropertyValue { value: true, parameters: Map(0) {} }
  },
  components: Set(12) {
    VComponent {
      kind: 'VEVENT',
      properties: Map(22) {
        'CLASS' => PropertyValue { value: 'PUBLIC', parameters: Map(0) {} },
        'UID' => PropertyValue {
          value: '2023-02-14INTL809regnap@www.officeholidays.com',
          parameters: Map(0) {}
        },
        'CREATED' => PropertyValue {
          value: {
            fullYear: 2023,
            month: 3,
            monthDay: 14,
            hour: 14,
            minute: 2,
            seconds: 37,
            utc: true
          },
          parameters: Map(0) {}
        },
        'DESCRIPTION' => PropertyValue {
          value: ' Three different saints named Valentine are recognised by the Catholic Church. Valentine may not be the luckiest of names, as all three of the saints are martyrs.\\n\\nNot a public holiday\\n\\nInformation provided by www.officeholidays.com',
          parameters: Map(0) {}
        },
        'URL' => PropertyValue {
          value: 'https://www.officeholidays.com/holidays/various/st-valentines-day',
          parameters: Map(0) {}
        },
        'DTSTART' => PropertyValue {
          value: { fullYear: 2023, month: 2, monthDay: 14 },
          parameters: Map(1) { 'VALUE' => 'DATE' }
        },
        'DTEND' => PropertyValue {
          value: { fullYear: 2023, month: 2, monthDay: 15 },
          parameters: Map(1) { 'VALUE' => 'DATE' }
        },
        'DTSTAMP' => PropertyValue {
          value: {
            fullYear: 2008,
            month: 1,
            monthDay: 1,
            hour: 0,
            minute: 0,
            seconds: 0,
            utc: true
          },
          parameters: Map(0) {}
        },
        'LOCATION' => PropertyValue { value: 'International', parameters: Map(0) {} },
        'PRIORITY' => PropertyValue { value: 5, parameters: Map(0) {} },
        'LAST-MODIFIED' => PropertyValue {
          value: {
            fullYear: 2021,
            month: 7,
            monthDay: 7,
            hour: 0,
            minute: 0,
            seconds: 0,
            utc: true
          },
          parameters: Map(0) {}
        },
        'SEQUENCE' => PropertyValue { value: 1, parameters: Map(0) {} },
        'SUMMARY' => PropertyValue {
          value: "St. Valentine's Day (Not a Public Holiday)",
          parameters: Map(1) { 'LANGUAGE' => 'en-us' }
        },
        'TRANSP' => PropertyValue { value: 'OPAQUE', parameters: Map(0) {} },
        'X-MICROSOFT-CDO-BUSYSTATUS' => PropertyValue { value: 'BUSY', parameters: Map(0) {} },
        'X-MICROSOFT-CDO-IMPORTANCE' => PropertyValue { value: 1, parameters: Map(0) {} },
        'X-MICROSOFT-DISALLOW-COUNTER' => PropertyValue { value: false, parameters: Map(0) {} },
        'X-MS-OLK-ALLOWEXTERNCHECK' => PropertyValue { value: true, parameters: Map(0) {} },
        'X-MS-OLK-AUTOFILLLOCATION' => PropertyValue { value: false, parameters: Map(0) {} },
        'X-MICROSOFT-CDO-ALLDAYEVENT' => PropertyValue { value: true, parameters: Map(0) {} },
        'X-MICROSOFT-MSNCALENDAR-ALLDAYEVENT' => PropertyValue { value: true, parameters: Map(0) {} },
        'X-MS-OLK-CONFTYPE' => PropertyValue { value: 0, parameters: Map(0) {} }
      },
      components: Set(0) {}
    },
    VComponent {
      kind: 'VEVENT',
      properties: Map(22) {
        'CLASS' => PropertyValue { value: 'PUBLIC', parameters: Map(0) {} },
        'UID' => PropertyValue {
          value: '2023-02-22INTL3320regnap@www.officeholidays.com',
          parameters: Map(0) {}
        },
        'CREATED' => PropertyValue {
          value: {
            fullYear: 2023,
            month: 3,
            monthDay: 14,
            hour: 14,
            minute: 2,
            seconds: 37,
            utc: true
          },
          parameters: Map(0) {}
        },
        'DESCRIPTION' => PropertyValue {
          value: ' Lent marks the start of the Easter cycle in the Christian Church\\n\\nNot a public holiday\\n\\nInformation provided by www.officeholidays.com',
          parameters: Map(0) {}
        },
        'URL' => PropertyValue {
          value: 'https://www.officeholidays.com/holidays/various/lent',
          parameters: Map(0) {}
        },
        'DTSTART' => PropertyValue {
          value: { fullYear: 2023, month: 2, monthDay: 22 },
          parameters: Map(1) { 'VALUE' => 'DATE' }
        },
        'DTEND' => PropertyValue {
          value: { fullYear: 2023, month: 2, monthDay: 23 },
          parameters: Map(1) { 'VALUE' => 'DATE' }
        },
        'DTSTAMP' => PropertyValue {
          value: {
            fullYear: 2008,
            month: 1,
            monthDay: 1,
            hour: 0,
            minute: 0,
            seconds: 0,
            utc: true
          },
          parameters: Map(0) {}
        },
        'LOCATION' => PropertyValue { value: 'International', parameters: Map(0) {} },
        'PRIORITY' => PropertyValue { value: 5, parameters: Map(0) {} },
        'LAST-MODIFIED' => PropertyValue {
          value: {
            fullYear: 2021,
            month: 7,
            monthDay: 7,
            hour: 0,
            minute: 0,
            seconds: 0,
            utc: true
          },
          parameters: Map(0) {}
        },
        'SEQUENCE' => PropertyValue { value: 1, parameters: Map(0) {} },
        'SUMMARY' => PropertyValue {
          value: 'Lent (Not a Public Holiday)',
          parameters: Map(1) { 'LANGUAGE' => 'en-us' }
        },
        'TRANSP' => PropertyValue { value: 'OPAQUE', parameters: Map(0) {} },
        'X-MICROSOFT-CDO-BUSYSTATUS' => PropertyValue { value: 'BUSY', parameters: Map(0) {} },
        'X-MICROSOFT-CDO-IMPORTANCE' => PropertyValue { value: 1, parameters: Map(0) {} },
        'X-MICROSOFT-DISALLOW-COUNTER' => PropertyValue { value: false, parameters: Map(0) {} },
        'X-MS-OLK-ALLOWEXTERNCHECK' => PropertyValue { value: true, parameters: Map(0) {} },
        'X-MS-OLK-AUTOFILLLOCATION' => PropertyValue { value: false, parameters: Map(0) {} },
        'X-MICROSOFT-CDO-ALLDAYEVENT' => PropertyValue { value: true, parameters: Map(0) {} },
        'X-MICROSOFT-MSNCALENDAR-ALLDAYEVENT' => PropertyValue { value: true, parameters: Map(0) {} },
        'X-MS-OLK-CONFTYPE' => PropertyValue { value: 0, parameters: Map(0) {} }
      },
      components: Set(0) {}
    },
    VComponent {
      kind: 'VEVENT',
      properties: Map(22) {
        'CLASS' => PropertyValue { value: 'PUBLIC', parameters: Map(0) {} },
        'UID' => PropertyValue {
          value: '2023-02-27INTL3321regnap@www.officeholidays.com',
          parameters: Map(0) {}
        },
        'CREATED' => PropertyValue {
          value: {
            fullYear: 2023,
            month: 3,
            monthDay: 14,
            hour: 14,
            minute: 2,
            seconds: 37,
            utc: true
          },
          parameters: Map(0) {}
        },
        'DESCRIPTION' => PropertyValue {
          value: ' Great Lent marks the start of the Easter cycle in the Orthodox Christian Church\\n\\nNot a public holiday\\n\\nInformation provided by www.officeholidays.com',
          parameters: Map(0) {}
        },
        'URL' => PropertyValue {
          value: 'https://www.officeholidays.com/holidays/various/orthodox-lent',
          parameters: Map(0) {}
        },
        'DTSTART' => PropertyValue {
          value: { fullYear: 2023, month: 2, monthDay: 27 },
          parameters: Map(1) { 'VALUE' => 'DATE' }
        },
        'DTEND' => PropertyValue {
          value: { fullYear: 2023, month: 2, monthDay: 28 },
          parameters: Map(1) { 'VALUE' => 'DATE' }
        },
        'DTSTAMP' => PropertyValue {
          value: {
            fullYear: 2008,
            month: 1,
            monthDay: 1,
            hour: 0,
            minute: 0,
            seconds: 0,
            utc: true
          },
          parameters: Map(0) {}
        },
        'LOCATION' => PropertyValue { value: 'International', parameters: Map(0) {} },
        'PRIORITY' => PropertyValue { value: 5, parameters: Map(0) {} },
        'LAST-MODIFIED' => PropertyValue {
          value: {
            fullYear: 2021,
            month: 7,
            monthDay: 7,
            hour: 0,
            minute: 0,
            seconds: 0,
            utc: true
          },
          parameters: Map(0) {}
        },
        'SEQUENCE' => PropertyValue { value: 1, parameters: Map(0) {} },
        'SUMMARY' => PropertyValue {
          value: 'Orthodox Lent (Not a Public Holiday)',
          parameters: Map(1) { 'LANGUAGE' => 'en-us' }
        },
        'TRANSP' => PropertyValue { value: 'OPAQUE', parameters: Map(0) {} },
        'X-MICROSOFT-CDO-BUSYSTATUS' => PropertyValue { value: 'BUSY', parameters: Map(0) {} },
        'X-MICROSOFT-CDO-IMPORTANCE' => PropertyValue { value: 1, parameters: Map(0) {} },
        'X-MICROSOFT-DISALLOW-COUNTER' => PropertyValue { value: false, parameters: Map(0) {} },
        'X-MS-OLK-ALLOWEXTERNCHECK' => PropertyValue { value: true, parameters: Map(0) {} },
        'X-MS-OLK-AUTOFILLLOCATION' => PropertyValue { value: false, parameters: Map(0) {} },
        'X-MICROSOFT-CDO-ALLDAYEVENT' => PropertyValue { value: true, parameters: Map(0) {} },
        'X-MICROSOFT-MSNCALENDAR-ALLDAYEVENT' => PropertyValue { value: true, parameters: Map(0) {} },
        'X-MS-OLK-CONFTYPE' => PropertyValue { value: 0, parameters: Map(0) {} }
      },
      components: Set(0) {}
    },
    VComponent {
      kind: 'VEVENT',
      properties: Map(22) {
        'CLASS' => PropertyValue { value: 'PUBLIC', parameters: Map(0) {} },
        'UID' => PropertyValue {
          value: '2023-04-01INTL26regnap@www.officeholidays.com',
          parameters: Map(0) {}
        },
        'CREATED' => PropertyValue {
          value: {
            fullYear: 2023,
            month: 3,
            monthDay: 14,
            hour: 14,
            minute: 2,
            seconds: 37,
            utc: true
          },
          parameters: Map(0) {}
        },
        'DESCRIPTION' => PropertyValue {
          value: ' The day is observed by trying to play a practical joke on a victim who becomes known as an April Fool. The practical jokes range from simple to elaborate.\\n\\nNot a public holiday\\n\\nInformation provided by www.officeholidays.com',
          parameters: Map(0) {}
        },
        'URL' => PropertyValue {
          value: 'https://www.officeholidays.com/holidays/various/april-fools-day',
          parameters: Map(0) {}
        },
        'DTSTART' => PropertyValue {
          value: { fullYear: 2023, month: 4, monthDay: 1 },
          parameters: Map(1) { 'VALUE' => 'DATE' }
        },
        'DTEND' => PropertyValue {
          value: { fullYear: 2023, month: 4, monthDay: 2 },
          parameters: Map(1) { 'VALUE' => 'DATE' }
        },
        'DTSTAMP' => PropertyValue {
          value: {
            fullYear: 2008,
            month: 1,
            monthDay: 1,
            hour: 0,
            minute: 0,
            seconds: 0,
            utc: true
          },
          parameters: Map(0) {}
        },
        'LOCATION' => PropertyValue { value: 'International', parameters: Map(0) {} },
        'PRIORITY' => PropertyValue { value: 5, parameters: Map(0) {} },
        'LAST-MODIFIED' => PropertyValue {
          value: {
            fullYear: 2021,
            month: 7,
            monthDay: 7,
            hour: 0,
            minute: 0,
            seconds: 0,
            utc: true
          },
          parameters: Map(0) {}
        },
        'SEQUENCE' => PropertyValue { value: 1, parameters: Map(0) {} },
        'SUMMARY' => PropertyValue {
          value: 'April Fools Day (Not a Public Holiday)',
          parameters: Map(1) { 'LANGUAGE' => 'en-us' }
        },
        'TRANSP' => PropertyValue { value: 'OPAQUE', parameters: Map(0) {} },
        'X-MICROSOFT-CDO-BUSYSTATUS' => PropertyValue { value: 'BUSY', parameters: Map(0) {} },
        'X-MICROSOFT-CDO-IMPORTANCE' => PropertyValue { value: 1, parameters: Map(0) {} },
        'X-MICROSOFT-DISALLOW-COUNTER' => PropertyValue { value: false, parameters: Map(0) {} },
        'X-MS-OLK-ALLOWEXTERNCHECK' => PropertyValue { value: true, parameters: Map(0) {} },
        'X-MS-OLK-AUTOFILLLOCATION' => PropertyValue { value: false, parameters: Map(0) {} },
        'X-MICROSOFT-CDO-ALLDAYEVENT' => PropertyValue { value: true, parameters: Map(0) {} },
        'X-MICROSOFT-MSNCALENDAR-ALLDAYEVENT' => PropertyValue { value: true, parameters: Map(0) {} },
        'X-MS-OLK-CONFTYPE' => PropertyValue { value: 0, parameters: Map(0) {} }
      },
      components: Set(0) {}
    },
    VComponent {
      kind: 'VEVENT',
      properties: Map(22) {
        'CLASS' => PropertyValue { value: 'PUBLIC', parameters: Map(0) {} },
        'UID' => PropertyValue {
          value: '2023-04-22INTL262regnap@www.officeholidays.com',
          parameters: Map(0) {}
        },
        'CREATED' => PropertyValue {
          value: {
            fullYear: 2023,
            month: 3,
            monthDay: 14,
            hour: 14,
            minute: 2,
            seconds: 37,
            utc: true
          },
          parameters: Map(0) {}
        },
        'DESCRIPTION' => PropertyValue {
          value: ' Marks the anniversary of the birth of the modern environmental movement in 1970\\n\\nNot a public holiday\\n\\nInformation provided by www.officeholidays.com',
          parameters: Map(0) {}
        },
        'URL' => PropertyValue {
          value: 'https://www.officeholidays.com/holidays/various/earth-day',
          parameters: Map(0) {}
        },
        'DTSTART' => PropertyValue {
          value: { fullYear: 2023, month: 4, monthDay: 22 },
          parameters: Map(1) { 'VALUE' => 'DATE' }
        },
        'DTEND' => PropertyValue {
          value: { fullYear: 2023, month: 4, monthDay: 23 },
          parameters: Map(1) { 'VALUE' => 'DATE' }
        },
        'DTSTAMP' => PropertyValue {
          value: {
            fullYear: 2008,
            month: 1,
            monthDay: 1,
            hour: 0,
            minute: 0,
            seconds: 0,
            utc: true
          },
          parameters: Map(0) {}
        },
        'LOCATION' => PropertyValue { value: 'International', parameters: Map(0) {} },
        'PRIORITY' => PropertyValue { value: 5, parameters: Map(0) {} },
        'LAST-MODIFIED' => PropertyValue {
          value: {
            fullYear: 2021,
            month: 7,
            monthDay: 7,
            hour: 0,
            minute: 0,
            seconds: 0,
            utc: true
          },
          parameters: Map(0) {}
        },
        'SEQUENCE' => PropertyValue { value: 1, parameters: Map(0) {} },
        'SUMMARY' => PropertyValue {
          value: 'Earth Day (Not a Public Holiday)',
          parameters: Map(1) { 'LANGUAGE' => 'en-us' }
        },
        'TRANSP' => PropertyValue { value: 'OPAQUE', parameters: Map(0) {} },
        'X-MICROSOFT-CDO-BUSYSTATUS' => PropertyValue { value: 'BUSY', parameters: Map(0) {} },
        'X-MICROSOFT-CDO-IMPORTANCE' => PropertyValue { value: 1, parameters: Map(0) {} },
        'X-MICROSOFT-DISALLOW-COUNTER' => PropertyValue { value: false, parameters: Map(0) {} },
        'X-MS-OLK-ALLOWEXTERNCHECK' => PropertyValue { value: true, parameters: Map(0) {} },
        'X-MS-OLK-AUTOFILLLOCATION' => PropertyValue { value: false, parameters: Map(0) {} },
        'X-MICROSOFT-CDO-ALLDAYEVENT' => PropertyValue { value: true, parameters: Map(0) {} },
        'X-MICROSOFT-MSNCALENDAR-ALLDAYEVENT' => PropertyValue { value: true, parameters: Map(0) {} },
        'X-MS-OLK-CONFTYPE' => PropertyValue { value: 0, parameters: Map(0) {} }
      },
      components: Set(0) {}
    },
    VComponent {
      kind: 'VEVENT',
      properties: Map(22) {
        'CLASS' => PropertyValue { value: 'PUBLIC', parameters: Map(0) {} },
        'UID' => PropertyValue {
          value: '2023-10-31INTL365regnap@www.officeholidays.com',
          parameters: Map(0) {}
        },
        'CREATED' => PropertyValue {
          value: {
            fullYear: 2023,
            month: 3,
            monthDay: 14,
            hour: 14,
            minute: 2,
            seconds: 37,
            utc: true
          },
          parameters: Map(0) {}
        },
        'DESCRIPTION' => PropertyValue {
          value: ' Ireland is believed to be the birthplace of the Halloween festival.\\n\\nNot a public holiday\\n\\nInformation provided by www.officeholidays.com',
          parameters: Map(0) {}
        },
        'URL' => PropertyValue {
          value: 'https://www.officeholidays.com/holidays/various/halloween',
          parameters: Map(0) {}
        },
        'DTSTART' => PropertyValue {
          value: { fullYear: 2023, month: 10, monthDay: 31 },
          parameters: Map(1) { 'VALUE' => 'DATE' }
        },
        'DTEND' => PropertyValue {
          value: { fullYear: 2023, month: 11, monthDay: 1 },
          parameters: Map(1) { 'VALUE' => 'DATE' }
        },
        'DTSTAMP' => PropertyValue {
          value: {
            fullYear: 2008,
            month: 1,
            monthDay: 1,
            hour: 0,
            minute: 0,
            seconds: 0,
            utc: true
          },
          parameters: Map(0) {}
        },
        'LOCATION' => PropertyValue { value: 'International', parameters: Map(0) {} },
        'PRIORITY' => PropertyValue { value: 5, parameters: Map(0) {} },
        'LAST-MODIFIED' => PropertyValue {
          value: {
            fullYear: 2021,
            month: 7,
            monthDay: 7,
            hour: 0,
            minute: 0,
            seconds: 0,
            utc: true
          },
          parameters: Map(0) {}
        },
        'SEQUENCE' => PropertyValue { value: 1, parameters: Map(0) {} },
        'SUMMARY' => PropertyValue {
          value: 'Halloween (Not a Public Holiday)',
          parameters: Map(1) { 'LANGUAGE' => 'en-us' }
        },
        'TRANSP' => PropertyValue { value: 'OPAQUE', parameters: Map(0) {} },
        'X-MICROSOFT-CDO-BUSYSTATUS' => PropertyValue { value: 'BUSY', parameters: Map(0) {} },
        'X-MICROSOFT-CDO-IMPORTANCE' => PropertyValue { value: 1, parameters: Map(0) {} },
        'X-MICROSOFT-DISALLOW-COUNTER' => PropertyValue { value: false, parameters: Map(0) {} },
        'X-MS-OLK-ALLOWEXTERNCHECK' => PropertyValue { value: true, parameters: Map(0) {} },
        'X-MS-OLK-AUTOFILLLOCATION' => PropertyValue { value: false, parameters: Map(0) {} },
        'X-MICROSOFT-CDO-ALLDAYEVENT' => PropertyValue { value: true, parameters: Map(0) {} },
        'X-MICROSOFT-MSNCALENDAR-ALLDAYEVENT' => PropertyValue { value: true, parameters: Map(0) {} },
        'X-MS-OLK-CONFTYPE' => PropertyValue { value: 0, parameters: Map(0) {} }
      },
      components: Set(0) {}
    },
    VComponent {
      kind: 'VEVENT',
      properties: Map(22) {
        'CLASS' => PropertyValue { value: 'PUBLIC', parameters: Map(0) {} },
        'UID' => PropertyValue {
          value: '2024-02-14INTL809regnap@www.officeholidays.com',
          parameters: Map(0) {}
        },
        'CREATED' => PropertyValue {
          value: {
            fullYear: 2023,
            month: 3,
            monthDay: 14,
            hour: 14,
            minute: 2,
            seconds: 37,
            utc: true
          },
          parameters: Map(0) {}
        },
        'DESCRIPTION' => PropertyValue {
          value: ' Three different saints named Valentine are recognised by the Catholic Church. Valentine may not be the luckiest of names, as all three of the saints are martyrs.\\n\\nNot a public holiday\\n\\nInformation provided by www.officeholidays.com',
          parameters: Map(0) {}
        },
        'URL' => PropertyValue {
          value: 'https://www.officeholidays.com/holidays/various/st-valentines-day',
          parameters: Map(0) {}
        },
        'DTSTART' => PropertyValue {
          value: { fullYear: 2024, month: 2, monthDay: 14 },
          parameters: Map(1) { 'VALUE' => 'DATE' }
        },
        'DTEND' => PropertyValue {
          value: { fullYear: 2024, month: 2, monthDay: 15 },
          parameters: Map(1) { 'VALUE' => 'DATE' }
        },
        'DTSTAMP' => PropertyValue {
          value: {
            fullYear: 2008,
            month: 1,
            monthDay: 1,
            hour: 0,
            minute: 0,
            seconds: 0,
            utc: true
          },
          parameters: Map(0) {}
        },
        'LOCATION' => PropertyValue { value: 'International', parameters: Map(0) {} },
        'PRIORITY' => PropertyValue { value: 5, parameters: Map(0) {} },
        'LAST-MODIFIED' => PropertyValue {
          value: {
            fullYear: 2021,
            month: 7,
            monthDay: 7,
            hour: 0,
            minute: 0,
            seconds: 0,
            utc: true
          },
          parameters: Map(0) {}
        },
        'SEQUENCE' => PropertyValue { value: 1, parameters: Map(0) {} },
        'SUMMARY' => PropertyValue {
          value: "St. Valentine's Day (Not a Public Holiday)",
          parameters: Map(1) { 'LANGUAGE' => 'en-us' }
        },
        'TRANSP' => PropertyValue { value: 'OPAQUE', parameters: Map(0) {} },
        'X-MICROSOFT-CDO-BUSYSTATUS' => PropertyValue { value: 'BUSY', parameters: Map(0) {} },
        'X-MICROSOFT-CDO-IMPORTANCE' => PropertyValue { value: 1, parameters: Map(0) {} },
        'X-MICROSOFT-DISALLOW-COUNTER' => PropertyValue { value: false, parameters: Map(0) {} },
        'X-MS-OLK-ALLOWEXTERNCHECK' => PropertyValue { value: true, parameters: Map(0) {} },
        'X-MS-OLK-AUTOFILLLOCATION' => PropertyValue { value: false, parameters: Map(0) {} },
        'X-MICROSOFT-CDO-ALLDAYEVENT' => PropertyValue { value: true, parameters: Map(0) {} },
        'X-MICROSOFT-MSNCALENDAR-ALLDAYEVENT' => PropertyValue { value: true, parameters: Map(0) {} },
        'X-MS-OLK-CONFTYPE' => PropertyValue { value: 0, parameters: Map(0) {} }
      },
      components: Set(0) {}
    },
    VComponent {
      kind: 'VEVENT',
      properties: Map(22) {
        'CLASS' => PropertyValue { value: 'PUBLIC', parameters: Map(0) {} },
        'UID' => PropertyValue {
          value: '2024-02-14INTL3320regnap@www.officeholidays.com',
          parameters: Map(0) {}
        },
        'CREATED' => PropertyValue {
          value: {
            fullYear: 2023,
            month: 3,
            monthDay: 14,
            hour: 14,
            minute: 2,
            seconds: 37,
            utc: true
          },
          parameters: Map(0) {}
        },
        'DESCRIPTION' => PropertyValue {
          value: ' Lent marks the start of the Easter cycle in the Christian Church\\n\\nNot a public holiday\\n\\nInformation provided by www.officeholidays.com',
          parameters: Map(0) {}
        },
        'URL' => PropertyValue {
          value: 'https://www.officeholidays.com/holidays/various/lent',
          parameters: Map(0) {}
        },
        'DTSTART' => PropertyValue {
          value: { fullYear: 2024, month: 2, monthDay: 14 },
          parameters: Map(1) { 'VALUE' => 'DATE' }
        },
        'DTEND' => PropertyValue {
          value: { fullYear: 2024, month: 2, monthDay: 15 },
          parameters: Map(1) { 'VALUE' => 'DATE' }
        },
        'DTSTAMP' => PropertyValue {
          value: {
            fullYear: 2008,
            month: 1,
            monthDay: 1,
            hour: 0,
            minute: 0,
            seconds: 0,
            utc: true
          },
          parameters: Map(0) {}
        },
        'LOCATION' => PropertyValue { value: 'International', parameters: Map(0) {} },
        'PRIORITY' => PropertyValue { value: 5, parameters: Map(0) {} },
        'LAST-MODIFIED' => PropertyValue {
          value: {
            fullYear: 2021,
            month: 7,
            monthDay: 7,
            hour: 0,
            minute: 0,
            seconds: 0,
            utc: true
          },
          parameters: Map(0) {}
        },
        'SEQUENCE' => PropertyValue { value: 1, parameters: Map(0) {} },
        'SUMMARY' => PropertyValue {
          value: 'Lent (Not a Public Holiday)',
          parameters: Map(1) { 'LANGUAGE' => 'en-us' }
        },
        'TRANSP' => PropertyValue { value: 'OPAQUE', parameters: Map(0) {} },
        'X-MICROSOFT-CDO-BUSYSTATUS' => PropertyValue { value: 'BUSY', parameters: Map(0) {} },
        'X-MICROSOFT-CDO-IMPORTANCE' => PropertyValue { value: 1, parameters: Map(0) {} },
        'X-MICROSOFT-DISALLOW-COUNTER' => PropertyValue { value: false, parameters: Map(0) {} },
        'X-MS-OLK-ALLOWEXTERNCHECK' => PropertyValue { value: true, parameters: Map(0) {} },
        'X-MS-OLK-AUTOFILLLOCATION' => PropertyValue { value: false, parameters: Map(0) {} },
        'X-MICROSOFT-CDO-ALLDAYEVENT' => PropertyValue { value: true, parameters: Map(0) {} },
        'X-MICROSOFT-MSNCALENDAR-ALLDAYEVENT' => PropertyValue { value: true, parameters: Map(0) {} },
        'X-MS-OLK-CONFTYPE' => PropertyValue { value: 0, parameters: Map(0) {} }
      },
      components: Set(0) {}
    },
    VComponent {
      kind: 'VEVENT',
      properties: Map(22) {
        'CLASS' => PropertyValue { value: 'PUBLIC', parameters: Map(0) {} },
        'UID' => PropertyValue {
          value: '2024-03-18INTL3321regnap@www.officeholidays.com',
          parameters: Map(0) {}
        },
        'CREATED' => PropertyValue {
          value: {
            fullYear: 2023,
            month: 3,
            monthDay: 14,
            hour: 14,
            minute: 2,
            seconds: 37,
            utc: true
          },
          parameters: Map(0) {}
        },
        'DESCRIPTION' => PropertyValue {
          value: ' Great Lent marks the start of the Easter cycle in the Orthodox Christian Church\\n\\nNot a public holiday\\n\\nInformation provided by www.officeholidays.com',
          parameters: Map(0) {}
        },
        'URL' => PropertyValue {
          value: 'https://www.officeholidays.com/holidays/various/orthodox-lent',
          parameters: Map(0) {}
        },
        'DTSTART' => PropertyValue {
          value: { fullYear: 2024, month: 3, monthDay: 18 },
          parameters: Map(1) { 'VALUE' => 'DATE' }
        },
        'DTEND' => PropertyValue {
          value: { fullYear: 2024, month: 3, monthDay: 19 },
          parameters: Map(1) { 'VALUE' => 'DATE' }
        },
        'DTSTAMP' => PropertyValue {
          value: {
            fullYear: 2008,
            month: 1,
            monthDay: 1,
            hour: 0,
            minute: 0,
            seconds: 0,
            utc: true
          },
          parameters: Map(0) {}
        },
        'LOCATION' => PropertyValue { value: 'International', parameters: Map(0) {} },
        'PRIORITY' => PropertyValue { value: 5, parameters: Map(0) {} },
        'LAST-MODIFIED' => PropertyValue {
          value: {
            fullYear: 2021,
            month: 7,
            monthDay: 7,
            hour: 0,
            minute: 0,
            seconds: 0,
            utc: true
          },
          parameters: Map(0) {}
        },
        'SEQUENCE' => PropertyValue { value: 1, parameters: Map(0) {} },
        'SUMMARY' => PropertyValue {
          value: 'Orthodox Lent (Not a Public Holiday)',
          parameters: Map(1) { 'LANGUAGE' => 'en-us' }
        },
        'TRANSP' => PropertyValue { value: 'OPAQUE', parameters: Map(0) {} },
        'X-MICROSOFT-CDO-BUSYSTATUS' => PropertyValue { value: 'BUSY', parameters: Map(0) {} },
        'X-MICROSOFT-CDO-IMPORTANCE' => PropertyValue { value: 1, parameters: Map(0) {} },
        'X-MICROSOFT-DISALLOW-COUNTER' => PropertyValue { value: false, parameters: Map(0) {} },
        'X-MS-OLK-ALLOWEXTERNCHECK' => PropertyValue { value: true, parameters: Map(0) {} },
        'X-MS-OLK-AUTOFILLLOCATION' => PropertyValue { value: false, parameters: Map(0) {} },
        'X-MICROSOFT-CDO-ALLDAYEVENT' => PropertyValue { value: true, parameters: Map(0) {} },
        'X-MICROSOFT-MSNCALENDAR-ALLDAYEVENT' => PropertyValue { value: true, parameters: Map(0) {} },
        'X-MS-OLK-CONFTYPE' => PropertyValue { value: 0, parameters: Map(0) {} }
      },
      components: Set(0) {}
    },
    VComponent {
      kind: 'VEVENT',
      properties: Map(22) {
        'CLASS' => PropertyValue { value: 'PUBLIC', parameters: Map(0) {} },
        'UID' => PropertyValue {
          value: '2024-04-01INTL26regnap@www.officeholidays.com',
          parameters: Map(0) {}
        },
        'CREATED' => PropertyValue {
          value: {
            fullYear: 2023,
            month: 3,
            monthDay: 14,
            hour: 14,
            minute: 2,
            seconds: 37,
            utc: true
          },
          parameters: Map(0) {}
        },
        'DESCRIPTION' => PropertyValue {
          value: ' The day is observed by trying to play a practical joke on a victim who becomes known as an April Fool. The practical jokes range from simple to elaborate.\\n\\nNot a public holiday\\n\\nInformation provided by www.officeholidays.com',
          parameters: Map(0) {}
        },
        'URL' => PropertyValue {
          value: 'https://www.officeholidays.com/holidays/various/april-fools-day',
          parameters: Map(0) {}
        },
        'DTSTART' => PropertyValue {
          value: { fullYear: 2024, month: 4, monthDay: 1 },
          parameters: Map(1) { 'VALUE' => 'DATE' }
        },
        'DTEND' => PropertyValue {
          value: { fullYear: 2024, month: 4, monthDay: 2 },
          parameters: Map(1) { 'VALUE' => 'DATE' }
        },
        'DTSTAMP' => PropertyValue {
          value: {
            fullYear: 2008,
            month: 1,
            monthDay: 1,
            hour: 0,
            minute: 0,
            seconds: 0,
            utc: true
          },
          parameters: Map(0) {}
        },
        'LOCATION' => PropertyValue { value: 'International', parameters: Map(0) {} },
        'PRIORITY' => PropertyValue { value: 5, parameters: Map(0) {} },
        'LAST-MODIFIED' => PropertyValue {
          value: {
            fullYear: 2021,
            month: 7,
            monthDay: 7,
            hour: 0,
            minute: 0,
            seconds: 0,
            utc: true
          },
          parameters: Map(0) {}
        },
        'SEQUENCE' => PropertyValue { value: 1, parameters: Map(0) {} },
        'SUMMARY' => PropertyValue {
          value: 'April Fools Day (Not a Public Holiday)',
          parameters: Map(1) { 'LANGUAGE' => 'en-us' }
        },
        'TRANSP' => PropertyValue { value: 'OPAQUE', parameters: Map(0) {} },
        'X-MICROSOFT-CDO-BUSYSTATUS' => PropertyValue { value: 'BUSY', parameters: Map(0) {} },
        'X-MICROSOFT-CDO-IMPORTANCE' => PropertyValue { value: 1, parameters: Map(0) {} },
        'X-MICROSOFT-DISALLOW-COUNTER' => PropertyValue { value: false, parameters: Map(0) {} },
        'X-MS-OLK-ALLOWEXTERNCHECK' => PropertyValue { value: true, parameters: Map(0) {} },
        'X-MS-OLK-AUTOFILLLOCATION' => PropertyValue { value: false, parameters: Map(0) {} },
        'X-MICROSOFT-CDO-ALLDAYEVENT' => PropertyValue { value: true, parameters: Map(0) {} },
        'X-MICROSOFT-MSNCALENDAR-ALLDAYEVENT' => PropertyValue { value: true, parameters: Map(0) {} },
        'X-MS-OLK-CONFTYPE' => PropertyValue { value: 0, parameters: Map(0) {} }
      },
      components: Set(0) {}
    },
    VComponent {
      kind: 'VEVENT',
      properties: Map(22) {
        'CLASS' => PropertyValue { value: 'PUBLIC', parameters: Map(0) {} },
        'UID' => PropertyValue {
          value: '2024-04-22INTL262regnap@www.officeholidays.com',
          parameters: Map(0) {}
        },
        'CREATED' => PropertyValue {
          value: {
            fullYear: 2023,
            month: 3,
            monthDay: 14,
            hour: 14,
            minute: 2,
            seconds: 37,
            utc: true
          },
          parameters: Map(0) {}
        },
        'DESCRIPTION' => PropertyValue {
          value: ' Marks the anniversary of the birth of the modern environmental movement in 1970\\n\\nNot a public holiday\\n\\nInformation provided by www.officeholidays.com',
          parameters: Map(0) {}
        },
        'URL' => PropertyValue {
          value: 'https://www.officeholidays.com/holidays/various/earth-day',
          parameters: Map(0) {}
        },
        'DTSTART' => PropertyValue {
          value: { fullYear: 2024, month: 4, monthDay: 22 },
          parameters: Map(1) { 'VALUE' => 'DATE' }
        },
        'DTEND' => PropertyValue {
          value: { fullYear: 2024, month: 4, monthDay: 23 },
          parameters: Map(1) { 'VALUE' => 'DATE' }
        },
        'DTSTAMP' => PropertyValue {
          value: {
            fullYear: 2008,
            month: 1,
            monthDay: 1,
            hour: 0,
            minute: 0,
            seconds: 0,
            utc: true
          },
          parameters: Map(0) {}
        },
        'LOCATION' => PropertyValue { value: 'International', parameters: Map(0) {} },
        'PRIORITY' => PropertyValue { value: 5, parameters: Map(0) {} },
        'LAST-MODIFIED' => PropertyValue {
          value: {
            fullYear: 2021,
            month: 7,
            monthDay: 7,
            hour: 0,
            minute: 0,
            seconds: 0,
            utc: true
          },
          parameters: Map(0) {}
        },
        'SEQUENCE' => PropertyValue { value: 1, parameters: Map(0) {} },
        'SUMMARY' => PropertyValue {
          value: 'Earth Day (Not a Public Holiday)',
          parameters: Map(1) { 'LANGUAGE' => 'en-us' }
        },
        'TRANSP' => PropertyValue { value: 'OPAQUE', parameters: Map(0) {} },
        'X-MICROSOFT-CDO-BUSYSTATUS' => PropertyValue { value: 'BUSY', parameters: Map(0) {} },
        'X-MICROSOFT-CDO-IMPORTANCE' => PropertyValue { value: 1, parameters: Map(0) {} },
        'X-MICROSOFT-DISALLOW-COUNTER' => PropertyValue { value: false, parameters: Map(0) {} },
        'X-MS-OLK-ALLOWEXTERNCHECK' => PropertyValue { value: true, parameters: Map(0) {} },
        'X-MS-OLK-AUTOFILLLOCATION' => PropertyValue { value: false, parameters: Map(0) {} },
        'X-MICROSOFT-CDO-ALLDAYEVENT' => PropertyValue { value: true, parameters: Map(0) {} },
        'X-MICROSOFT-MSNCALENDAR-ALLDAYEVENT' => PropertyValue { value: true, parameters: Map(0) {} },
        'X-MS-OLK-CONFTYPE' => PropertyValue { value: 0, parameters: Map(0) {} }
      },
      components: Set(0) {}
    },
    VComponent {
      kind: 'VEVENT',
      properties: Map(22) {
        'CLASS' => PropertyValue { value: 'PUBLIC', parameters: Map(0) {} },
        'UID' => PropertyValue {
          value: '2024-10-31INTL365regnap@www.officeholidays.com',
          parameters: Map(0) {}
        },
        'CREATED' => PropertyValue {
          value: {
            fullYear: 2023,
            month: 3,
            monthDay: 14,
            hour: 14,
            minute: 2,
            seconds: 37,
            utc: true
          },
          parameters: Map(0) {}
        },
        'DESCRIPTION' => PropertyValue {
          value: ' Ireland is believed to be the birthplace of the Halloween festival.\\n\\nNot a public holiday\\n\\nInformation provided by www.officeholidays.com',
          parameters: Map(0) {}
        },
        'URL' => PropertyValue {
          value: 'https://www.officeholidays.com/holidays/various/halloween',
          parameters: Map(0) {}
        },
        'DTSTART' => PropertyValue {
          value: { fullYear: 2024, month: 10, monthDay: 31 },
          parameters: Map(1) { 'VALUE' => 'DATE' }
        },
        'DTEND' => PropertyValue {
          value: { fullYear: 2024, month: 11, monthDay: 1 },
          parameters: Map(1) { 'VALUE' => 'DATE' }
        },
        'DTSTAMP' => PropertyValue {
          value: {
            fullYear: 2008,
            month: 1,
            monthDay: 1,
            hour: 0,
            minute: 0,
            seconds: 0,
            utc: true
          },
          parameters: Map(0) {}
        },
        'LOCATION' => PropertyValue { value: 'International', parameters: Map(0) {} },
        'PRIORITY' => PropertyValue { value: 5, parameters: Map(0) {} },
        'LAST-MODIFIED' => PropertyValue {
          value: {
            fullYear: 2021,
            month: 7,
            monthDay: 7,
            hour: 0,
            minute: 0,
            seconds: 0,
            utc: true
          },
          parameters: Map(0) {}
        },
        'SEQUENCE' => PropertyValue { value: 1, parameters: Map(0) {} },
        'SUMMARY' => PropertyValue {
          value: 'Halloween (Not a Public Holiday)',
          parameters: Map(1) { 'LANGUAGE' => 'en-us' }
        },
        'TRANSP' => PropertyValue { value: 'OPAQUE', parameters: Map(0) {} },
        'X-MICROSOFT-CDO-BUSYSTATUS' => PropertyValue { value: 'BUSY', parameters: Map(0) {} },
        'X-MICROSOFT-CDO-IMPORTANCE' => PropertyValue { value: 1, parameters: Map(0) {} },
        'X-MICROSOFT-DISALLOW-COUNTER' => PropertyValue { value: false, parameters: Map(0) {} },
        'X-MS-OLK-ALLOWEXTERNCHECK' => PropertyValue { value: true, parameters: Map(0) {} },
        'X-MS-OLK-AUTOFILLLOCATION' => PropertyValue { value: false, parameters: Map(0) {} },
        'X-MICROSOFT-CDO-ALLDAYEVENT' => PropertyValue { value: true, parameters: Map(0) {} },
        'X-MICROSOFT-MSNCALENDAR-ALLDAYEVENT' => PropertyValue { value: true, parameters: Map(0) {} },
        'X-MS-OLK-CONFTYPE' => PropertyValue { value: 0, parameters: Map(0) {} }
      },
      components: Set(0) {}
    }
  }
}