[
  ICalendar {
    properties: Map(9) {
      'VERSION' => '2.0',
      'PRODID' => '-//Office Holidays Ltd.//EN',
      'X-WR-CALNAME' => 'International Holidays',
      'X-WR-CALDESC' => 'Public Holidays in International. Provided by http://www.officeholidays.com',
      'REFRESH-INTERVAL' => 'PT48H',
      'X-PUBLISHED-TTL' => 'PT48H',
      'CALSCALE' => 'GREGORIAN',
      'METHOD' => 'PUBLISH',
      'X-MS-OLK-FORCEINSPECTOROPEN' => 'TRUE'
    },
    events: Set(12) {
      VEvent {
        properties: Map(22) {
          'CLASS' => 'PUBLIC',
          'UID' => '2023-02-14INTL809regnap@www.officeholidays.com',
          'CREATED' => '20230314T140237Z',
          'DESCRIPTION' => ' Three different saints named Valentine are recognised by the Catholic Church. Valentine may not be the luckiest of names, as all three of the saints are martyrs.\\n\\nNot a public holiday\\n\\nInformation provided by www.officeholidays.com',
          'URL' => 'https://www.officeholidays.com/holidays/various/st-valentines-day',
          'DTSTART' => '20230214',
          'DTEND' => '20230215',
          'DTSTAMP' => '20080101T000000Z',
          'LOCATION' => 'International',
          'PRIORITY' => '5',
          'LAST-MODIFIED' => '20210707T000000Z',
          'SEQUENCE' => '1',
          'SUMMARY' => "St. Valentine's Day (Not a Public Holiday)",
          'TRANSP' => 'OPAQUE',
          'X-MICROSOFT-CDO-BUSYSTATUS' => 'BUSY',
          'X-MICROSOFT-CDO-IMPORTANCE' => '1',
          'X-MICROSOFT-DISALLOW-COUNTER' => 'FALSE',
          'X-MS-OLK-ALLOWEXTERNCHECK' => 'TRUE',
          'X-MS-OLK-AUTOFILLLOCATION' => 'FALSE',
          'X-MICROSOFT-CDO-ALLDAYEVENT' => 'TRUE',
          'X-MICROSOFT-MSNCALENDAR-ALLDAYEVENT' => 'TRUE',
          'X-MS-OLK-CONFTYPE' => '0'
        }
      },
      VEvent {
        properties: Map(22) {
          'CLASS' => 'PUBLIC',
          'UID' => '2023-02-22INTL3320regnap@www.officeholidays.com',
          'CREATED' => '20230314T140237Z',
          'DESCRIPTION' => ' Lent marks the start of the Easter cycle in the Christian Church\\n\\nNot a public holiday\\n\\nInformation provided by www.officeholidays.com',
          'URL' => 'https://www.officeholidays.com/holidays/various/lent',
          'DTSTART' => '20230222',
          'DTEND' => '20230223',
          'DTSTAMP' => '20080101T000000Z',
          'LOCATION' => 'International',
          'PRIORITY' => '5',
          'LAST-MODIFIED' => '20210707T000000Z',
          'SEQUENCE' => '1',
          'SUMMARY' => 'Lent (Not a Public Holiday)',
          'TRANSP' => 'OPAQUE',
          'X-MICROSOFT-CDO-BUSYSTATUS' => 'BUSY',
          'X-MICROSOFT-CDO-IMPORTANCE' => '1',
          'X-MICROSOFT-DISALLOW-COUNTER' => 'FALSE',
          'X-MS-OLK-ALLOWEXTERNCHECK' => 'TRUE',
          'X-MS-OLK-AUTOFILLLOCATION' => 'FALSE',
          'X-MICROSOFT-CDO-ALLDAYEVENT' => 'TRUE',
          'X-MICROSOFT-MSNCALENDAR-ALLDAYEVENT' => 'TRUE',
          'X-MS-OLK-CONFTYPE' => '0'
        }
      },
      VEvent {
        properties: Map(22) {
          'CLASS' => 'PUBLIC',
          'UID' => '2023-02-27INTL3321regnap@www.officeholidays.com',
          'CREATED' => '20230314T140237Z',
          'DESCRIPTION' => ' Great Lent marks the start of the Easter cycle in the Orthodox Christian Church\\n\\nNot a public holiday\\n\\nInformation provided by www.officeholidays.com',
          'URL' => 'https://www.officeholidays.com/holidays/various/orthodox-lent',
          'DTSTART' => '20230227',
          'DTEND' => '20230228',
          'DTSTAMP' => '20080101T000000Z',
          'LOCATION' => 'International',
          'PRIORITY' => '5',
          'LAST-MODIFIED' => '20210707T000000Z',
          'SEQUENCE' => '1',
          'SUMMARY' => 'Orthodox Lent (Not a Public Holiday)',
          'TRANSP' => 'OPAQUE',
          'X-MICROSOFT-CDO-BUSYSTATUS' => 'BUSY',
          'X-MICROSOFT-CDO-IMPORTANCE' => '1',
          'X-MICROSOFT-DISALLOW-COUNTER' => 'FALSE',
          'X-MS-OLK-ALLOWEXTERNCHECK' => 'TRUE',
          'X-MS-OLK-AUTOFILLLOCATION' => 'FALSE',
          'X-MICROSOFT-CDO-ALLDAYEVENT' => 'TRUE',
          'X-MICROSOFT-MSNCALENDAR-ALLDAYEVENT' => 'TRUE',
          'X-MS-OLK-CONFTYPE' => '0'
        }
      },
      VEvent {
        properties: Map(22) {
          'CLASS' => 'PUBLIC',
          'UID' => '2023-04-01INTL26regnap@www.officeholidays.com',
          'CREATED' => '20230314T140237Z',
          'DESCRIPTION' => ' The day is observed by trying to play a practical joke on a victim who becomes known as an April Fool. The practical jokes range from simple to elaborate.\\n\\nNot a public holiday\\n\\nInformation provided by www.officeholidays.com',
          'URL' => 'https://www.officeholidays.com/holidays/various/april-fools-day',
          'DTSTART' => '20230401',
          'DTEND' => '20230402',
          'DTSTAMP' => '20080101T000000Z',
          'LOCATION' => 'International',
          'PRIORITY' => '5',
          'LAST-MODIFIED' => '20210707T000000Z',
          'SEQUENCE' => '1',
          'SUMMARY' => 'April Fools Day (Not a Public Holiday)',
          'TRANSP' => 'OPAQUE',
          'X-MICROSOFT-CDO-BUSYSTATUS' => 'BUSY',
          'X-MICROSOFT-CDO-IMPORTANCE' => '1',
          'X-MICROSOFT-DISALLOW-COUNTER' => 'FALSE',
          'X-MS-OLK-ALLOWEXTERNCHECK' => 'TRUE',
          'X-MS-OLK-AUTOFILLLOCATION' => 'FALSE',
          'X-MICROSOFT-CDO-ALLDAYEVENT' => 'TRUE',
          'X-MICROSOFT-MSNCALENDAR-ALLDAYEVENT' => 'TRUE',
          'X-MS-OLK-CONFTYPE' => '0'
        }
      },
      VEvent {
        properties: Map(22) {
          'CLASS' => 'PUBLIC',
          'UID' => '2023-04-22INTL262regnap@www.officeholidays.com',
          'CREATED' => '20230314T140237Z',
          'DESCRIPTION' => ' Marks the anniversary of the birth of the modern environmental movement in 1970\\n\\nNot a public holiday\\n\\nInformation provided by www.officeholidays.com',
          'URL' => 'https://www.officeholidays.com/holidays/various/earth-day',
          'DTSTART' => '20230422',
          'DTEND' => '20230423',
          'DTSTAMP' => '20080101T000000Z',
          'LOCATION' => 'International',
          'PRIORITY' => '5',
          'LAST-MODIFIED' => '20210707T000000Z',
          'SEQUENCE' => '1',
          'SUMMARY' => 'Earth Day (Not a Public Holiday)',
          'TRANSP' => 'OPAQUE',
          'X-MICROSOFT-CDO-BUSYSTATUS' => 'BUSY',
          'X-MICROSOFT-CDO-IMPORTANCE' => '1',
          'X-MICROSOFT-DISALLOW-COUNTER' => 'FALSE',
          'X-MS-OLK-ALLOWEXTERNCHECK' => 'TRUE',
          'X-MS-OLK-AUTOFILLLOCATION' => 'FALSE',
          'X-MICROSOFT-CDO-ALLDAYEVENT' => 'TRUE',
          'X-MICROSOFT-MSNCALENDAR-ALLDAYEVENT' => 'TRUE',
          'X-MS-OLK-CONFTYPE' => '0'
        }
      },
      VEvent {
        properties: Map(22) {
          'CLASS' => 'PUBLIC',
          'UID' => '2023-10-31INTL365regnap@www.officeholidays.com',
          'CREATED' => '20230314T140237Z',
          'DESCRIPTION' => ' Ireland is believed to be the birthplace of the Halloween festival.\\n\\nNot a public holiday\\n\\nInformation provided by www.officeholidays.com',
          'URL' => 'https://www.officeholidays.com/holidays/various/halloween',
          'DTSTART' => '20231031',
          'DTEND' => '20231101',
          'DTSTAMP' => '20080101T000000Z',
          'LOCATION' => 'International',
          'PRIORITY' => '5',
          'LAST-MODIFIED' => '20210707T000000Z',
          'SEQUENCE' => '1',
          'SUMMARY' => 'Halloween (Not a Public Holiday)',
          'TRANSP' => 'OPAQUE',
          'X-MICROSOFT-CDO-BUSYSTATUS' => 'BUSY',
          'X-MICROSOFT-CDO-IMPORTANCE' => '1',
          'X-MICROSOFT-DISALLOW-COUNTER' => 'FALSE',
          'X-MS-OLK-ALLOWEXTERNCHECK' => 'TRUE',
          'X-MS-OLK-AUTOFILLLOCATION' => 'FALSE',
          'X-MICROSOFT-CDO-ALLDAYEVENT' => 'TRUE',
          'X-MICROSOFT-MSNCALENDAR-ALLDAYEVENT' => 'TRUE',
          'X-MS-OLK-CONFTYPE' => '0'
        }
      },
      VEvent {
        properties: Map(22) {
          'CLASS' => 'PUBLIC',
          'UID' => '2024-02-14INTL809regnap@www.officeholidays.com',
          'CREATED' => '20230314T140237Z',
          'DESCRIPTION' => ' Three different saints named Valentine are recognised by the Catholic Church. Valentine may not be the luckiest of names, as all three of the saints are martyrs.\\n\\nNot a public holiday\\n\\nInformation provided by www.officeholidays.com',
          'URL' => 'https://www.officeholidays.com/holidays/various/st-valentines-day',
          'DTSTART' => '20240214',
          'DTEND' => '20240215',
          'DTSTAMP' => '20080101T000000Z',
          'LOCATION' => 'International',
          'PRIORITY' => '5',
          'LAST-MODIFIED' => '20210707T000000Z',
          'SEQUENCE' => '1',
          'SUMMARY' => "St. Valentine's Day (Not a Public Holiday)",
          'TRANSP' => 'OPAQUE',
          'X-MICROSOFT-CDO-BUSYSTATUS' => 'BUSY',
          'X-MICROSOFT-CDO-IMPORTANCE' => '1',
          'X-MICROSOFT-DISALLOW-COUNTER' => 'FALSE',
          'X-MS-OLK-ALLOWEXTERNCHECK' => 'TRUE',
          'X-MS-OLK-AUTOFILLLOCATION' => 'FALSE',
          'X-MICROSOFT-CDO-ALLDAYEVENT' => 'TRUE',
          'X-MICROSOFT-MSNCALENDAR-ALLDAYEVENT' => 'TRUE',
          'X-MS-OLK-CONFTYPE' => '0'
        }
      },
      VEvent {
        properties: Map(22) {
          'CLASS' => 'PUBLIC',
          'UID' => '2024-02-14INTL3320regnap@www.officeholidays.com',
          'CREATED' => '20230314T140237Z',
          'DESCRIPTION' => ' Lent marks the start of the Easter cycle in the Christian Church\\n\\nNot a public holiday\\n\\nInformation provided by www.officeholidays.com',
          'URL' => 'https://www.officeholidays.com/holidays/various/lent',
          'DTSTART' => '20240214',
          'DTEND' => '20240215',
          'DTSTAMP' => '20080101T000000Z',
          'LOCATION' => 'International',
          'PRIORITY' => '5',
          'LAST-MODIFIED' => '20210707T000000Z',
          'SEQUENCE' => '1',
          'SUMMARY' => 'Lent (Not a Public Holiday)',
          'TRANSP' => 'OPAQUE',
          'X-MICROSOFT-CDO-BUSYSTATUS' => 'BUSY',
          'X-MICROSOFT-CDO-IMPORTANCE' => '1',
          'X-MICROSOFT-DISALLOW-COUNTER' => 'FALSE',
          'X-MS-OLK-ALLOWEXTERNCHECK' => 'TRUE',
          'X-MS-OLK-AUTOFILLLOCATION' => 'FALSE',
          'X-MICROSOFT-CDO-ALLDAYEVENT' => 'TRUE',
          'X-MICROSOFT-MSNCALENDAR-ALLDAYEVENT' => 'TRUE',
          'X-MS-OLK-CONFTYPE' => '0'
        }
      },
      VEvent {
        properties: Map(22) {
          'CLASS' => 'PUBLIC',
          'UID' => '2024-03-18INTL3321regnap@www.officeholidays.com',
          'CREATED' => '20230314T140237Z',
          'DESCRIPTION' => ' Great Lent marks the start of the Easter cycle in the Orthodox Christian Church\\n\\nNot a public holiday\\n\\nInformation provided by www.officeholidays.com',
          'URL' => 'https://www.officeholidays.com/holidays/various/orthodox-lent',
          'DTSTART' => '20240318',
          'DTEND' => '20240319',
          'DTSTAMP' => '20080101T000000Z',
          'LOCATION' => 'International',
          'PRIORITY' => '5',
          'LAST-MODIFIED' => '20210707T000000Z',
          'SEQUENCE' => '1',
          'SUMMARY' => 'Orthodox Lent (Not a Public Holiday)',
          'TRANSP' => 'OPAQUE',
          'X-MICROSOFT-CDO-BUSYSTATUS' => 'BUSY',
          'X-MICROSOFT-CDO-IMPORTANCE' => '1',
          'X-MICROSOFT-DISALLOW-COUNTER' => 'FALSE',
          'X-MS-OLK-ALLOWEXTERNCHECK' => 'TRUE',
          'X-MS-OLK-AUTOFILLLOCATION' => 'FALSE',
          'X-MICROSOFT-CDO-ALLDAYEVENT' => 'TRUE',
          'X-MICROSOFT-MSNCALENDAR-ALLDAYEVENT' => 'TRUE',
          'X-MS-OLK-CONFTYPE' => '0'
        }
      },
      VEvent {
        properties: Map(22) {
          'CLASS' => 'PUBLIC',
          'UID' => '2024-04-01INTL26regnap@www.officeholidays.com',
          'CREATED' => '20230314T140237Z',
          'DESCRIPTION' => ' The day is observed by trying to play a practical joke on a victim who becomes known as an April Fool. The practical jokes range from simple to elaborate.\\n\\nNot a public holiday\\n\\nInformation provided by www.officeholidays.com',
          'URL' => 'https://www.officeholidays.com/holidays/various/april-fools-day',
          'DTSTART' => '20240401',
          'DTEND' => '20240402',
          'DTSTAMP' => '20080101T000000Z',
          'LOCATION' => 'International',
          'PRIORITY' => '5',
          'LAST-MODIFIED' => '20210707T000000Z',
          'SEQUENCE' => '1',
          'SUMMARY' => 'April Fools Day (Not a Public Holiday)',
          'TRANSP' => 'OPAQUE',
          'X-MICROSOFT-CDO-BUSYSTATUS' => 'BUSY',
          'X-MICROSOFT-CDO-IMPORTANCE' => '1',
          'X-MICROSOFT-DISALLOW-COUNTER' => 'FALSE',
          'X-MS-OLK-ALLOWEXTERNCHECK' => 'TRUE',
          'X-MS-OLK-AUTOFILLLOCATION' => 'FALSE',
          'X-MICROSOFT-CDO-ALLDAYEVENT' => 'TRUE',
          'X-MICROSOFT-MSNCALENDAR-ALLDAYEVENT' => 'TRUE',
          'X-MS-OLK-CONFTYPE' => '0'
        }
      },
      VEvent {
        properties: Map(22) {
          'CLASS' => 'PUBLIC',
          'UID' => '2024-04-22INTL262regnap@www.officeholidays.com',
          'CREATED' => '20230314T140237Z',
          'DESCRIPTION' => ' Marks the anniversary of the birth of the modern environmental movement in 1970\\n\\nNot a public holiday\\n\\nInformation provided by www.officeholidays.com',
          'URL' => 'https://www.officeholidays.com/holidays/various/earth-day',
          'DTSTART' => '20240422',
          'DTEND' => '20240423',
          'DTSTAMP' => '20080101T000000Z',
          'LOCATION' => 'International',
          'PRIORITY' => '5',
          'LAST-MODIFIED' => '20210707T000000Z',
          'SEQUENCE' => '1',
          'SUMMARY' => 'Earth Day (Not a Public Holiday)',
          'TRANSP' => 'OPAQUE',
          'X-MICROSOFT-CDO-BUSYSTATUS' => 'BUSY',
          'X-MICROSOFT-CDO-IMPORTANCE' => '1',
          'X-MICROSOFT-DISALLOW-COUNTER' => 'FALSE',
          'X-MS-OLK-ALLOWEXTERNCHECK' => 'TRUE',
          'X-MS-OLK-AUTOFILLLOCATION' => 'FALSE',
          'X-MICROSOFT-CDO-ALLDAYEVENT' => 'TRUE',
          'X-MICROSOFT-MSNCALENDAR-ALLDAYEVENT' => 'TRUE',
          'X-MS-OLK-CONFTYPE' => '0'
        }
      },
      VEvent {
        properties: Map(22) {
          'CLASS' => 'PUBLIC',
          'UID' => '2024-10-31INTL365regnap@www.officeholidays.com',
          'CREATED' => '20230314T140237Z',
          'DESCRIPTION' => ' Ireland is believed to be the birthplace of the Halloween festival.\\n\\nNot a public holiday\\n\\nInformation provided by www.officeholidays.com',
          'URL' => 'https://www.officeholidays.com/holidays/various/halloween',
          'DTSTART' => '20241031',
          'DTEND' => '20241101',
          'DTSTAMP' => '20080101T000000Z',
          'LOCATION' => 'International',
          'PRIORITY' => '5',
          'LAST-MODIFIED' => '20210707T000000Z',
          'SEQUENCE' => '1',
          'SUMMARY' => 'Halloween (Not a Public Holiday)',
          'TRANSP' => 'OPAQUE',
          'X-MICROSOFT-CDO-BUSYSTATUS' => 'BUSY',
          'X-MICROSOFT-CDO-IMPORTANCE' => '1',
          'X-MICROSOFT-DISALLOW-COUNTER' => 'FALSE',
          'X-MS-OLK-ALLOWEXTERNCHECK' => 'TRUE',
          'X-MS-OLK-AUTOFILLLOCATION' => 'FALSE',
          'X-MICROSOFT-CDO-ALLDAYEVENT' => 'TRUE',
          'X-MICROSOFT-MSNCALENDAR-ALLDAYEVENT' => 'TRUE',
          'X-MS-OLK-CONFTYPE' => '0'
        }
      }
    }
  }
]